Component: ARM Compiler 5.06 update 6 (build 750) Tool: armlink [4d35ed]

==============================================================================

Section Cross References

    startup_stm32f407xx.o(STACK) refers (Special) to heapauxi.o(.text) for __use_two_region_memory
    startup_stm32f407xx.o(HEAP) refers (Special) to heapauxi.o(.text) for __use_two_region_memory
    startup_stm32f407xx.o(RESET) refers (Special) to heapauxi.o(.text) for __use_two_region_memory
    startup_stm32f407xx.o(RESET) refers to startup_stm32f407xx.o(STACK) for __initial_sp
    startup_stm32f407xx.o(RESET) refers to startup_stm32f407xx.o(.text) for Reset_Handler
    startup_stm32f407xx.o(RESET) refers to stm32f4xx_it.o(i.NMI_Handler) for NMI_Handler
    startup_stm32f407xx.o(RESET) refers to stm32f4xx_it.o(i.HardFault_Handler) for HardFault_Handler
    startup_stm32f407xx.o(RESET) refers to stm32f4xx_it.o(i.MemManage_Handler) for MemManage_Handler
    startup_stm32f407xx.o(RESET) refers to stm32f4xx_it.o(i.BusFault_Handler) for BusFault_Handler
    startup_stm32f407xx.o(RESET) refers to stm32f4xx_it.o(i.UsageFault_Handler) for UsageFault_Handler
    startup_stm32f407xx.o(RESET) refers to stm32f4xx_it.o(i.SVC_Handler) for SVC_Handler
    startup_stm32f407xx.o(RESET) refers to stm32f4xx_it.o(i.DebugMon_Handler) for DebugMon_Handler
    startup_stm32f407xx.o(RESET) refers to stm32f4xx_it.o(i.PendSV_Handler) for PendSV_Handler
    startup_stm32f407xx.o(RESET) refers to stm32f4xx_it.o(i.SysTick_Handler) for SysTick_Handler
    startup_stm32f407xx.o(RESET) refers to stm32f4xx_it.o(i.DMA1_Stream1_IRQHandler) for DMA1_Stream1_IRQHandler
    startup_stm32f407xx.o(RESET) refers to stm32f4xx_it.o(i.CAN1_RX0_IRQHandler) for CAN1_RX0_IRQHandler
    startup_stm32f407xx.o(RESET) refers to stm32f4xx_it.o(i.USART1_IRQHandler) for USART1_IRQHandler
    startup_stm32f407xx.o(RESET) refers to stm32f4xx_it.o(i.CAN2_RX0_IRQHandler) for CAN2_RX0_IRQHandler
    startup_stm32f407xx.o(RESET) refers to stm32f4xx_it.o(i.DMA2_Stream7_IRQHandler) for DMA2_Stream7_IRQHandler
    startup_stm32f407xx.o(.text) refers (Special) to heapauxi.o(.text) for __use_two_region_memory
    startup_stm32f407xx.o(.text) refers to system_stm32f4xx.o(i.SystemInit) for SystemInit
    startup_stm32f407xx.o(.text) refers to __main.o(!!!main) for __main
    startup_stm32f407xx.o(.text) refers to startup_stm32f407xx.o(HEAP) for Heap_Mem
    startup_stm32f407xx.o(.text) refers to startup_stm32f407xx.o(STACK) for Stack_Mem
    main.o(i.SystemClock_Config) refers to rt_memclr_w.o(.text) for __aeabi_memclr4
    main.o(i.SystemClock_Config) refers to stm32f4xx_hal_rcc.o(i.HAL_RCC_OscConfig) for HAL_RCC_OscConfig
    main.o(i.SystemClock_Config) refers to stm32f4xx_hal_rcc.o(i.HAL_RCC_ClockConfig) for HAL_RCC_ClockConfig
    main.o(i.main) refers to stm32f4xx_hal.o(i.HAL_Init) for HAL_Init
    main.o(i.main) refers to main.o(i.SystemClock_Config) for SystemClock_Config
    main.o(i.main) refers to gpio.o(i.MX_GPIO_Init) for MX_GPIO_Init
    main.o(i.main) refers to dma.o(i.MX_DMA_Init) for MX_DMA_Init
    main.o(i.main) refers to can.o(i.MX_CAN1_Init) for MX_CAN1_Init
    main.o(i.main) refers to can.o(i.MX_CAN2_Init) for MX_CAN2_Init
    main.o(i.main) refers to usart.o(i.MX_USART1_UART_Init) for MX_USART1_UART_Init
    main.o(i.main) refers to usart.o(i.MX_USART3_UART_Init) for MX_USART3_UART_Init
    main.o(i.main) refers to bsp_can.o(i.can_filter_init) for can_filter_init
    main.o(i.main) refers to can_receive.o(i.get_yaw_gimbal_motor_measure_point) for get_yaw_gimbal_motor_measure_point
    main.o(i.main) refers to main.o(i.speed_motor_init) for speed_motor_init
    main.o(i.main) refers to stm32f4xx_hal.o(i.HAL_Delay) for HAL_Delay
    main.o(i.main) refers to pid.o(i.PID_calc) for PID_calc
    main.o(i.main) refers to can_receive.o(i.CAN_cmd_gimbal) for CAN_cmd_gimbal
    main.o(i.main) refers to usart.o(i.usart_printf) for usart_printf
    main.o(i.main) refers to main.o(.data) for .data
    main.o(i.main) refers to main.o(.bss) for .bss
    main.o(i.speed_motor_init) refers to pid.o(i.PID_init) for PID_init
    main.o(i.speed_motor_init) refers to main.o(.constdata) for .constdata
    main.o(i.speed_motor_init) refers to main.o(.bss) for .bss
    main.o(i.speed_motor_loop) refers to pid.o(i.PID_calc) for PID_calc
    main.o(i.speed_motor_loop) refers to main.o(.data) for .data
    main.o(i.speed_motor_loop) refers to main.o(.bss) for .bss
    can.o(i.HAL_CAN_MspDeInit) refers to stm32f4xx_hal_gpio.o(i.HAL_GPIO_DeInit) for HAL_GPIO_DeInit
    can.o(i.HAL_CAN_MspDeInit) refers to stm32f4xx_hal_cortex.o(i.HAL_NVIC_DisableIRQ) for HAL_NVIC_DisableIRQ
    can.o(i.HAL_CAN_MspDeInit) refers to can.o(.data) for .data
    can.o(i.HAL_CAN_MspInit) refers to rt_memclr_w.o(.text) for __aeabi_memclr4
    can.o(i.HAL_CAN_MspInit) refers to stm32f4xx_hal_gpio.o(i.HAL_GPIO_Init) for HAL_GPIO_Init
[...]
    DMA_CheckFifoParam                       0x08001dd5   Thumb Code    84  stm32f4xx_hal_dma.o(i.DMA_CheckFifoParam)
    i.DebugMon_Handler                       0x08001e28   Section        0  stm32f4xx_it.o(i.DebugMon_Handler)
    i.Error_Handler                          0x08001e2a   Section        0  main.o(i.Error_Handler)
    i.HAL_CAN_ActivateNotification           0x08001e2e   Section        0  stm32f4xx_hal_can.o(i.HAL_CAN_ActivateNotification)
    i.HAL_CAN_AddTxMessage                   0x08001e52   Section        0  stm32f4xx_hal_can.o(i.HAL_CAN_AddTxMessage)
    i.HAL_CAN_ConfigFilter                   0x08001f10   Section        0  stm32f4xx_hal_can.o(i.HAL_CAN_ConfigFilter)
    i.HAL_CAN_ErrorCallback                  0x0800201c   Section        0  stm32f4xx_hal_can.o(i.HAL_CAN_ErrorCallback)
    i.HAL_CAN_GetRxMessage                   0x0800201e   Section        0  stm32f4xx_hal_can.o(i.HAL_CAN_GetRxMessage)
    i.HAL_CAN_IRQHandler                     0x08002112   Section        0  stm32f4xx_hal_can.o(i.HAL_CAN_IRQHandler)
    i.HAL_CAN_Init                           0x0800230e   Section        0  stm32f4xx_hal_can.o(i.HAL_CAN_Init)
    i.HAL_CAN_MspInit                        0x08002428   Section        0  can.o(i.HAL_CAN_MspInit)
    i.HAL_CAN_RxFifo0FullCallback            0x08002524   Section        0  stm32f4xx_hal_can.o(i.HAL_CAN_RxFifo0FullCallback)
    i.HAL_CAN_RxFifo0MsgPendingCallback      0x08002528   Section        0  can_receive.o(i.HAL_CAN_RxFifo0MsgPendingCallback)
    i.HAL_CAN_RxFifo1FullCallback            0x08002584   Section        0  stm32f4xx_hal_can.o(i.HAL_CAN_RxFifo1FullCallback)
    i.HAL_CAN_RxFifo1MsgPendingCallback      0x08002586   Section        0  stm32f4xx_hal_can.o(i.HAL_CAN_RxFifo1MsgPendingCallback)
    i.HAL_CAN_SleepCallback                  0x08002588   Section        0  stm32f4xx_hal_can.o(i.HAL_CAN_SleepCallback)
    i.HAL_CAN_Start                          0x0800258c   Section        0  stm32f4xx_hal_can.o(i.HAL_CAN_Start)
    i.HAL_CAN_TxMailbox0AbortCallback        0x080025e4   Section        0  stm32f4xx_hal_can.o(i.HAL_CAN_TxMailbox0AbortCallback)
    i.HAL_CAN_TxMailbox0CompleteCallback     0x080025e6   Section        0  stm32f4xx_hal_can.o(i.HAL_CAN_TxMailbox0CompleteCallback)
    i.HAL_CAN_TxMailbox1AbortCallback        0x080025e8   Section        0  stm32f4xx_hal_can.o(i.HAL_CAN_TxMailbox1AbortCallback)
    i.HAL_CAN_TxMailbox1CompleteCallback     0x080025ea   Section        0  stm32f4xx_hal_can.o(i.HAL_CAN_TxMailbox1CompleteCallback)
    i.HAL_CAN_TxMailbox2AbortCallback        0x080025ec   Section        0  stm32f4xx_hal_can.o(i.HAL_CAN_TxMailbox2AbortCallback)
    i.HAL_CAN_TxMailbox2CompleteCallback     0x080025ee   Section        0  stm32f4xx_hal_can.o(i.HAL_CAN_TxMailbox2CompleteCallback)
    i.HAL_CAN_WakeUpFromRxMsgCallback        0x080025f0   Section        0  stm32f4xx_hal_can.o(i.HAL_CAN_WakeUpFromRxMsgCallback)
    i.HAL_DMA_Abort                          0x080025f2   Section        0  stm32f4xx_hal_dma.o(i.HAL_DMA_Abort)
    i.HAL_DMA_Abort_IT                       0x08002684   Section        0  stm32f4xx_hal_dma.o(i.HAL_DMA_Abort_IT)
    i.HAL_DMA_IRQHandler                     0x080026a8   Section        0  stm32f4xx_hal_dma.o(i.HAL_DMA_IRQHandler)
    i.HAL_DMA_Init                           0x08002848   Section        0  stm32f4xx_hal_dma.o(i.HAL_DMA_Init)
    i.HAL_Delay                              0x0800291c   Section        0  stm32f4xx_hal.o(i.HAL_Delay)
    i.HAL_GPIO_Init                          0x08002940   Section        0  stm32f4xx_hal_gpio.o(i.HAL_GPIO_Init)
    i.HAL_GetTick                            0x08002b30   Section        0  stm32f4xx_hal.o(i.HAL_GetTick)
    i.HAL_IncTick                            0x08002b3c   Section        0  stm32f4xx_hal.o(i.HAL_IncTick)
    i.HAL_Init                               0x08002b4c   Section        0  stm32f4xx_hal.o(i.HAL_Init)
    i.HAL_InitTick                           0x08002b80   Section        0  stm32f4xx_hal.o(i.HAL_InitTick)
    i.HAL_MspInit                            0x08002bc0   Section        0  stm32f4xx_hal_msp.o(i.HAL_MspInit)
    i.HAL_NVIC_EnableIRQ                     0x08002bf0   Section        0  stm32f4xx_hal_cortex.o(i.HAL_NVIC_EnableIRQ)
    i.HAL_NVIC_SetPriority                   0x08002c0c   Section        0  stm32f4xx_hal_cortex.o(i.HAL_NVIC_SetPriority)
    i.HAL_NVIC_SetPriorityGrouping           0x08002c4c   Section        0  stm32f4xx_hal_cortex.o(i.HAL_NVIC_SetPriorityGrouping)
    i.HAL_RCC_ClockConfig                    0x08002c70   Section        0  stm32f4xx_hal_rcc.o(i.HAL_RCC_ClockConfig)
    i.HAL_RCC_GetPCLK1Freq                   0x08002da4   Section        0  stm32f4xx_hal_rcc.o(i.HAL_RCC_GetPCLK1Freq)
    i.HAL_RCC_GetPCLK2Freq                   0x08002dc4   Section        0  stm32f4xx_hal_rcc.o(i.HAL_RCC_GetPCLK2Freq)
    i.HAL_RCC_GetSysClockFreq                0x08002de4   Section        0  stm32f4xx_hal_rcc.o(i.HAL_RCC_GetSysClockFreq)
    i.HAL_RCC_OscConfig                      0x08002e48   Section        0  stm32f4xx_hal_rcc.o(i.HAL_RCC_OscConfig)
    i.HAL_SYSTICK_Config                     0x080031b4   Section        0  stm32f4xx_hal_cortex.o(i.HAL_SYSTICK_Config)
    i.HAL_UARTEx_RxEventCallback             0x080031dc   Section        0  stm32f4xx_hal_uart.o(i.HAL_UARTEx_RxEventCallback)
    i.HAL_UART_ErrorCallback                 0x080031de   Section        0  stm32f4xx_hal_uart.o(i.HAL_UART_ErrorCallback)
    i.HAL_UART_IRQHandler                    0x080031e0   Section        0  stm32f4xx_hal_uart.o(i.HAL_UART_IRQHandler)
    i.HAL_UART_Init                          0x08003460   Section        0  stm32f4xx_hal_uart.o(i.HAL_UART_Init)
    i.HAL_UART_MspInit                       0x080034c4   Section        0  usart.o(i.HAL_UART_MspInit)
    i.HAL_UART_RxCpltCallback                0x08003620   Section        0  stm32f4xx_hal_uart.o(i.HAL_UART_RxCpltCallback)
    i.HAL_UART_Transmit                      0x08003622   Section        0  stm32f4xx_hal_uart.o(i.HAL_UART_Transmit)
    i.HAL_UART_TxCpltCallback                0x080036c2   Section        0  stm32f4xx_hal_uart.o(i.HAL_UART_TxCpltCallback)
    i.HardFault_Handler                      0x080036c4   Section        0  stm32f4xx_it.o(i.HardFault_Handler)
    i.MX_CAN1_Init                           0x080036c8   Section        0  can.o(i.MX_CAN1_Init)
    i.MX_CAN2_Init                           0x0800370c   Section        0  can.o(i.MX_CAN2_Init)
    i.MX_DMA_Init                            0x08003750   Section        0  dma.o(i.MX_DMA_Init)
    i.MX_GPIO_Init                           0x0800379c   Section        0  gpio.o(i.MX_GPIO_Init)
    i.MX_USART1_UART_Init                    0x080037f8   Section        0  usart.o(i.MX_USART1_UART_Init)
    i.MX_USART3_UART_Init                    0x08003830   Section        0  usart.o(i.MX_USART3_UART_Init)
    i.MemManage_Handler                      0x08003868   Section        0  stm32f4xx_it.o(i.MemManage_Handler)
    i.NMI_Handler                            0x0800386a   Section        0  stm32f4xx_it.o(i.NMI_Handler)
    i.PID_calc                               0x0800386c   Section        0  pid.o(i.PID_calc)
    i.PID_init                               0x08003994   Section        0  pid.o(i.PID_init)
    i.PendSV_Handler                         0x080039f0   Section        0  stm32f4xx_it.o(i.PendSV_Handler)
    i.SVC_Handler                            0x080039f2   Section        0  stm32f4xx_it.o(i.SVC_Handler)
    i.SysTick_Handler                        0x080039f4   Section        0  stm32f4xx_it.o(i.SysTick_Handler)
    i.SystemClock_Config                     0x080039f8   Section        0  main.o(i.SystemClock_Config)
    i.SystemInit                             0x08003a8c   Section        0  system_stm32f4xx.o(i.SystemInit)
    i.UART_DMAAbortOnError                   0x08003a9c   Section        0  stm32f4xx_hal_uart.o(i.UART_DMAAbortOnError)
    UART_DMAAbortOnError                     0x08003a9d   Thumb Code    14  stm32f4xx_hal_uart.o(i.UART_DMAAbortOnError)
    i.UART_EndRxTransfer                     0x08003aaa   Section        0  stm32f4xx_hal_uart.o(i.UART_EndRxTransfer)
    UART_EndRxTransfer                       0x08003aab   Thumb Code    78  stm32f4xx_hal_uart.o(i.UART_EndRxTransfer)
    i.UART_Receive_IT                        0x08003af8   Section        0  stm32f4xx_hal_uart.o(i.UART_Receive_IT)
    UART_Receive_IT                          0x08003af9   Thumb Code   194  stm32f4xx_hal_uart.o(i.UART_Receive_IT)
    i.UART_SetConfig                         0x08003bbc   Section        0  stm32f4xx_hal_uart.o(i.UART_SetConfig)
    UART_SetConfig                           0x08003bbd   Thumb Code   258  stm32f4xx_hal_uart.o(i.UART_SetConfig)
    i.UART_WaitOnFlagUntilTimeout            0x08003cc8   Section        0  stm32f4xx_hal_uart.o(i.UART_WaitOnFlagUntilTimeout)
    UART_WaitOnFlagUntilTimeout              0x08003cc9   Thumb Code   114  stm32f4xx_hal_uart.o(i.UART_WaitOnFlagUntilTimeout)
    i.USART1_IRQHandler                      0x08003d3c   Section        0  stm32f4xx_it.o(i.USART1_IRQHandler)
    i.UsageFault_Handler                     0x08003d48   Section        0  stm32f4xx_it.o(i.UsageFault_Handler)
    i.__ARM_fpclassify                       0x08003d4a   Section        0  fpclassify.o(i.__ARM_fpclassify)
    i.__NVIC_SetPriority                     0x08003d7a   Section        0  stm32f4xx_hal_cortex.o(i.__NVIC_SetPriority)
    __NVIC_SetPriority                       0x08003d7b   Thumb Code    32  stm32f4xx_hal_cortex.o(i.__NVIC_SetPriority)
    i._is_digit                              0x08003d9a   Section        0  __printf_wp.o(i._is_digit)
    i.can_filter_init                        0x08003da8   Section        0  bsp_can.o(i.can_filter_init)
    i.get_yaw_gimbal_motor_measure_point     0x08003e00   Section        0  can_receive.o(i.get_yaw_gimbal_motor_measure_point)
    i.main                                   0x08003e08   Section        0  main.o(i.main)
    i.speed_motor_init                       0x08003eb8   Section        0  main.o(i.speed_motor_init)
    i.usart_printf                           0x08003edc   Section        0  usart.o(i.usart_printf)
    locale$$code                             0x08003f0c   Section       44  lc_numeric_c.o(locale$$code)
    locale$$code                             0x08003f38   Section       44  lc_ctype_c.o(locale$$code)
    x$fpl$fpinit                             0x08003f64   Section       10  fpinit.o(x$fpl$fpinit)
    $v0                                      0x08003f64   Number         0  fpinit.o(x$fpl$fpinit)
    x$fpl$printf1                            0x08003f6e   Section        4  printf1.o(x$fpl$printf1)
    $v0                                      0x08003f6e   Number         0  printf1.o(x$fpl$printf1)
    x$fpl$printf2                            0x08003f72   Section        4  printf2.o(x$fpl$printf2)
    $v0                                      0x08003f72   Number         0  printf2.o(x$fpl$printf2)
    x$fpl$usenofp                            0x08003f76   Section        0  usenofp.o(x$fpl$usenofp)
    .constdata                               0x08003f78   Section       12  main.o(.constdata)
    motor_speed_pid                          0x08003f78   Data          12  main.o(.constdata)
    .constdata                               0x08003f84   Section        8  stm32f4xx_hal_dma.o(.constdata)
    flagBitshiftOffset                       0x08003f84   Data           8  stm32f4xx_hal_dma.o(.constdata)
    .constdata                               0x08003f8c   Section       16  system_stm32f4xx.o(.constdata)
    .constdata                               0x08003f9c   Section        8  system_stm32f4xx.o(.constdata)
    .constdata                               0x08003fa4   Section        8  _printf_wctomb.o(.constdata)
    initial_mbstate                          0x08003fa4   Data           8  _printf_wctomb.o(.constdata)
    .constdata                               0x08003fac   Section       40  _printf_hex_int_ll_ptr.o(.constdata)
    uc_hextab                                0x08003fac   Data          20  _printf_hex_int_ll_ptr.o(.constdata)
    lc_hextab                                0x08003fc0   Data          20  _printf_hex_int_ll_ptr.o(.constdata)
    .constdata                               0x08003fd4   Section       17  __printf_flags_ss_wp.o(.constdata)
    maptable                                 0x08003fd4   Data          17  __printf_flags_ss_wp.o(.constdata)
    .constdata                               0x08003fe5   Section       38  _printf_fp_hex.o(.constdata)
    lc_hextab                                0x08003fe5   Data          19  _printf_fp_hex.o(.constdata)
    uc_hextab                                0x08003ff8   Data          19  _printf_fp_hex.o(.constdata)
    .constdata                               0x0800400c   Section      148  bigflt0.o(.constdata)
    tenpwrs_x                                0x0800400c   Data          60  bigflt0.o(.constdata)
    tenpwrs_i                                0x08004048   Data          64  bigflt0.o(.constdata)
    locale$$data                             0x080040c0   Section       28  lc_numeric_c.o(locale$$data)
    __lcnum_c_name                           0x080040c4   Data           2  lc_numeric_c.o(locale$$data)
    __lcnum_c_start                          0x080040cc   Data           0  lc_numeric_c.o(locale$$data)
    __lcnum_c_point                          0x080040d8   Data           0  lc_numeric_c.o(locale$$data)
    __lcnum_c_thousands                      0x080040da   Data           0  lc_numeric_c.o(locale$$data)
    __lcnum_c_grouping                       0x080040db   Data           0  lc_numeric_c.o(locale$$data)
    locale$$data                             0x080040dc   Section      272  lc_ctype_c.o(locale$$data)
    __lcnum_c_end                            0x080040dc   Data           0  lc_numeric_c.o(locale$$data)
    __lcctype_c_name                         0x080040e0   Data           2  lc_ctype_c.o(locale$$data)
    __lcctype_c_start                        0x080040e8   Data           0  lc_ctype_c.o(locale$$data)
    __lcctype_c_end                          0x080041ec   Data           0  lc_ctype_c.o(locale$$data)
    .data                                    0x20000000   Section        8  main.o(.data)
    .data                                    0x20000008   Section        4  can.o(.data)
    HAL_RCC_CAN1_CLK_ENABLED                 0x20000008   Data           4  can.o(.data)
    .data                                    0x2000000c   Section       17  can_receive.o(.data)
    i                                        0x2000000c   Data           1  can_receive.o(.data)
    gimbal_can_send_data                     0x2000000d   Data           8  can_receive.o(.data)
    chassis_can_send_data                    0x20000015   Data           8  can_receive.o(.data)
    .data                                    0x20000020   Section       12  stm32f4xx_hal.o(.data)
    .data                                    0x2000002c   Section        4  system_stm32f4xx.o(.data)
    .bss                                     0x20000030   Section       72  main.o(.bss)
    .bss                                     0x20000078   Section       80  can.o(.bss)
    .bss                                     0x200000c8   Section      336  usart.o(.bss)
    .bss                                     0x20000218   Section      120  can_receive.o(.bss)
    motor_chassis                            0x20000218   Data          70  can_receive.o(.bss)
    gimbal_tx_message                        0x20000260   Data          24  can_receive.o(.bss)
    chassis_tx_message                       0x20000278   Data          24  can_receive.o(.bss)
    .bss                                     0x20000290   Section       96  libspace.o(.bss)
    HEAP                                     0x200002f0   Section      512  startup_stm32f407xx.o(HEAP)
    Heap_Mem                                 0x200002f0   Data         512  startup_stm32f407xx.o(HEAP)
    STACK                                    0x200004f0   Section     1024  startup_stm32f407xx.o(STACK)
    Stack_Mem                                0x200004f0   Data        1024  startup_stm32f407xx.o(STACK)
    __initial_sp                             0x200008f0   Data           0  startup_stm32f407xx.o(STACK)

    Global Symbols

    Symbol Name                              Value     Ov Type        Size  Object(Section)

    BuildAttributes$$THM_ISAv4$E$P$D$K$B$S$7EM$VFPi3$EXTD16$VFPS$VFMA$PE$A:L22UL41UL21$X:L11$S22US41US21$IEEE1$IW$USESV6$~STKCKD$USESV7$~SHL$OTIME$ROPI$IEEEJ$EBA8$UX$STANDARDLIB$REQ8$PRES8$EABIv2 0x00000000   Number         0  anon$$obj.o ABSOLUTE
    __ARM_use_no_argv                        0x00000000   Number         0  main.o ABSOLUTE
    _printf_flags                            0x00000000   Number         0  printf_stubs.o ABSOLUTE
    _printf_return_value                     0x00000000   Number         0  printf_stubs.o ABSOLUTE
    _printf_sizespec                         0x00000000   Number         0  printf_stubs.o ABSOLUTE
    _printf_widthprec                        0x00000000   Number         0  printf_stubs.o ABSOLUTE
    __ARM_exceptions_init                     - Undefined Weak Reference
    __alloca_initialize                       - Undefined Weak Reference
    __arm_preinit_                            - Undefined Weak Reference
    __cpp_initialize__aeabi_                  - Undefined Weak Reference
    __cxa_finalize                            - Undefined Weak Reference
    __sigvec_lookup                           - Undefined Weak Reference
    _atexit_init                              - Undefined Weak Reference
    _call_atexit_fns                          - Undefined Weak Reference
    _clock_init                               - Undefined Weak Reference
    _fp_trap_init                             - Undefined Weak Reference
    _fp_trap_shutdown                         - Undefined Weak Reference
    _get_lc_collate                           - Undefined Weak Reference
    _get_lc_monetary                          - Undefined Weak Reference
    _get_lc_time                              - Undefined Weak Reference
    _getenv_init                              - Undefined Weak Reference
    _handle_redirection                       - Undefined Weak Reference
    _init_alloc                               - Undefined Weak Reference
    _init_user_alloc                          - Undefined Weak Reference
    _initio                                   - Undefined Weak Reference
    _printf_mbtowc                            - Undefined Weak Reference
    _printf_wc                                - Undefined Weak Reference
    _rand_init                                - Undefined Weak Reference
    _signal_finish                            - Undefined Weak Reference
    _signal_init                              - Undefined Weak Reference
    _terminate_alloc                          - Undefined Weak Reference
    _terminate_user_alloc                     - Undefined Weak Reference
    _terminateio                              - Undefined Weak Reference
    __Vectors_Size                           0x00000188   Number         0  startup_stm32f407xx.o ABSOLUTE
    __Vectors                                0x08000000   Data           4  startup_stm32f407xx.o(RESET)
    __Vectors_End                            0x08000188   Data           0  startup_stm32f407xx.o(RESET)
    __main                                   0x08000189   Thumb Code     8  __main.o(!!!main)
    __scatterload                            0x08000191   Thumb Code     0  __scatter.o(!!!scatter)
    __scatterload_rt2                        0x08000191   Thumb Code    44  __scatter.o(!!!scatter)
    __scatterload_rt2_thumb_only             0x08000191   Thumb Code     0  __scatter.o(!!!scatter)
    __scatterload_null                       0x0800019f   Thumb Code     0  __scatter.o(!!!scatter)
    __scatterload_copy                       0x080001c5   Thumb Code    26  __scatter_copy.o(!!handler_copy)
    __scatterload_zeroinit                   0x080001e1   Thumb Code    28  __scatter_zi.o(!!handler_zi)
    _printf_n                                0x080001fd   Thumb Code     0  _printf_n.o(.ARM.Collect$$_printf_percent$$00000001)
    _printf_percent                          0x080001fd   Thumb Code     0  _printf_percent.o(.ARM.Collect$$_printf_percent$$00000000)
    _printf_p                                0x08000203   Thumb Code     0  _printf_p.o(.ARM.Collect$$_printf_percent$$00000002)
    _printf_f                                0x08000209   Thumb Code     0  _printf_f.o(.ARM.Collect$$_printf_percent$$00000003)
    _printf_e                                0x0800020f   Thumb Code     0  _printf_e.o(.ARM.Collect$$_printf_percent$$00000004)
    _printf_g                                0x08000215   Thumb Code     0  _printf_g.o(.ARM.Collect$$_printf_percent$$00000005)
    _printf_a                                0x0800021b   Thumb Code     0  _printf_a.o(.ARM.Collect$$_printf_percent$$00000006)
    _printf_ll                               0x08000221   Thumb Code     0  _printf_ll.o(.ARM.Collect$$_printf_percent$$00000007)
    _printf_i                                0x0800022b   Thumb Code     0  _printf_i.o(.ARM.Collect$$_printf_percent$$00000008)
    _printf_d                                0x08000231   Thumb Code     0  _printf_d.o(.ARM.Collect$$_printf_percent$$00000009)
    _printf_u                                0x08000237   Thumb Code     0  _printf_u.o(.ARM.Collect$$_printf_percent$$0000000A)
    _printf_o                                0x0800023d   Thumb Code     0  _printf_o.o(.ARM.Collect$$_printf_percent$$0000000B)
    _printf_x                                0x08000243   Thumb Code     0  _printf_x.o(.ARM.Collect$$_printf_percent$$0000000C)
    _printf_lli                              0x08000249   Thumb Code     0  _printf_lli.o(.ARM.Collect$$_printf_percent$$0000000D)
    _printf_lld                              0x0800024f   Thumb Code     0  _printf_lld.o(.ARM.Collect$$_printf_percent$$0000000E)
    _printf_llu                              0x08000255   Thumb Code     0  _printf_llu.o(.ARM.Collect$$_printf_percent$$0000000F)
    _printf_llo                              0x0800025b   Thumb Code     0  _printf_llo.o(.ARM.Collect$$_printf_percent$$00000010)
    _printf_llx                              0x08000261   Thumb Code     0  _printf_llx.o(.ARM.Collect$$_printf_percent$$00000011)
    _printf_l                                0x08000267   Thumb Code     0  _printf_l.o(.ARM.Collect$$_printf_percent$$00000012)
    _printf_c                                0x08000271   Thumb Code     0  _printf_c.o(.ARM.Collect$$_printf_percent$$00000013)
    _printf_s                                0x08000277   Thumb Code     0  _printf_s.o(.ARM.Collect$$_printf_percent$$00000014)
    _printf_lc                               0x0800027d   Thumb Code     0  _printf_lc.o(.ARM.Collect$$_printf_percent$$00000015)
    _printf_ls                               0x08000283   Thumb Code     0  _printf_ls.o(.ARM.Collect$$_printf_percent$$00000016)
    _printf_percent_end                      0x08000289   Thumb Code     0  _printf_percent_end.o(.ARM.Collect$$_printf_percent$$00000017)
    __rt_lib_init                            0x0800028d   Thumb Code     0  libinit.o(.ARM.Collect$$libinit$$00000000)
    __rt_lib_init_fp_1                       0x0800028f   Thumb Code     0  libinit2.o(.ARM.Collect$$libinit$$00000001)
    __rt_lib_init_heap_1                     0x08000293   Thumb Code     0  libinit2.o(.ARM.Collect$$libinit$$0000000A)
    __rt_lib_init_lc_common                  0x08000293   Thumb Code     0  libinit2.o(.ARM.Collect$$libinit$$0000000F)
    __rt_lib_init_preinit_1                  0x08000293   Thumb Code     0  libinit2.o(.ARM.Collect$$libinit$$00000004)
    __rt_lib_init_rand_1                     0x08000293   Thumb Code     0  libinit2.o(.ARM.Collect$$libinit$$0000000E)
    __rt_lib_init_user_alloc_1               0x08000293   Thumb Code     0  libinit2.o(.ARM.Collect$$libinit$$0000000C)
    __rt_lib_init_lc_collate_1               0x08000299   Thumb Code     0  libinit2.o(.ARM.Collect$$libinit$$00000011)
    __rt_lib_init_lc_ctype_2                 0x08000299   Thumb Code     0  libinit2.o(.ARM.Collect$$libinit$$00000012)
    __rt_lib_init_lc_ctype_1                 0x080002a5   Thumb Code     0  libinit2.o(.ARM.Collect$$libinit$$00000013)
    __rt_lib_init_lc_monetary_1              0x080002a5   Thumb Code     0  libinit2.o(.ARM.Collect$$libinit$$00000015)
    __rt_lib_init_lc_numeric_2               0x080002a5   Thumb Code     0  libinit2.o(.ARM.Collect$$libinit$$00000016)
    __rt_lib_init_alloca_1                   0x080002af   Thumb Code     0  libinit2.o(.ARM.Collect$$libinit$$0000002E)
    __rt_lib_init_argv_1                     0x080002af   Thumb Code     0  libinit2.o(.ARM.Collect$$libinit$$0000002C)
    __rt_lib_init_atexit_1                   0x080002af   Thumb Code     0  libinit2.o(.ARM.Collect$$libinit$$0000001B)
    __rt_lib_init_clock_1                    0x080002af   Thumb Code     0  libinit2.o(.ARM.Collect$$libinit$$00000021)
    __rt_lib_init_cpp_1                      0x080002af   Thumb Code     0  libinit2.o(.ARM.Collect$$libinit$$00000032)
    __rt_lib_init_exceptions_1               0x080002af   Thumb Code     0  libinit2.o(.ARM.Collect$$libinit$$00000030)
    __rt_lib_init_fp_trap_1                  0x080002af   Thumb Code     0  libinit2.o(.ARM.Collect$$libinit$$0000001F)
    __rt_lib_init_getenv_1                   0x080002af   Thumb Code     0  libinit2.o(.ARM.Collect$$libinit$$00000023)
    __rt_lib_init_lc_numeric_1               0x080002af   Thumb Code     0  libinit2.o(.ARM.Collect$$libinit$$00000017)
    __rt_lib_init_lc_time_1                  0x080002af   Thumb Code     0  libinit2.o(.ARM.Collect$$libinit$$00000019)
    __rt_lib_init_return                     0x080002af   Thumb Code     0  libinit2.o(.ARM.Collect$$libinit$$00000033)
    __rt_lib_init_signal_1                   0x080002af   Thumb Code     0  libinit2.o(.ARM.Collect$$libinit$$0000001D)
    __rt_lib_init_stdio_1                    0x080002af   Thumb Code     0  libinit2.o(.ARM.Collect$$libinit$$00000025)
    __rt_lib_shutdown                        0x080002b1   Thumb Code     0  libshutdown.o(.ARM.Collect$$libshutdown$$00000000)
    __rt_lib_shutdown_cpp_1                  0x080002b3   Thumb Code     0  libshutdown2.o(.ARM.Collect$$libshutdown$$00000002)
    __rt_lib_shutdown_fp_trap_1              0x080002b3   Thumb Code     0  libshutdown2.o(.ARM.Collect$$libshutdown$$00000007)
    __rt_lib_shutdown_heap_1                 0x080002b3   Thumb Code     0  libshutdown2.o(.ARM.Collect$$libshutdown$$0000000F)
    __rt_lib_shutdown_return                 0x080002b3   Thumb Code     0  libshutdown2.o(.ARM.Collect$$libshutdown$$00000010)
    __rt_lib_shutdown_signal_1               0x080002b3   Thumb Code     0  libshutdown2.o(.ARM.Collect$$libshutdown$$0000000A)
    __rt_lib_shutdown_stdio_1                0x080002b3   Thumb Code     0  libshutdown2.o(.ARM.Collect$$libshutdown$$00000004)
    __rt_lib_shutdown_user_alloc_1           0x080002b3   Thumb Code     0  libshutdown2.o(.ARM.Collect$$libshutdown$$0000000C)
    __rt_entry                               0x080002b5   Thumb Code     0  __rtentry.o(.ARM.Collect$$rtentry$$00000000)
    __rt_entry_presh_1                       0x080002b5   Thumb Code     0  __rtentry2.o(.ARM.Collect$$rtentry$$00000002)
    __rt_entry_sh                            0x080002b5   Thumb Code     0  __rtentry4.o(.ARM.Collect$$rtentry$$00000004)
    __rt_entry_li                            0x080002bb   Thumb Code     0  __rtentry2.o(.ARM.Collect$$rtentry$$0000000A)
    __rt_entry_postsh_1                      0x080002bb   Thumb Code     0  __rtentry2.o(.ARM.Collect$$rtentry$$00000009)
    __rt_entry_main                          0x080002bf   Thumb Code     0  __rtentry2.o(.ARM.Collect$$rtentry$$0000000D)
    __rt_entry_postli_1                      0x080002bf   Thumb Code     0  __rtentry2.o(.ARM.Collect$$rtentry$$0000000C)
    __rt_exit                                0x080002c7   Thumb Code     0  rtexit.o(.ARM.Collect$$rtexit$$00000000)
    __rt_exit_ls                             0x080002c9   Thumb Code     0  rtexit2.o(.ARM.Collect$$rtexit$$00000003)
    __rt_exit_prels_1                        0x080002c9   Thumb Code     0  rtexit2.o(.ARM.Collect$$rtexit$$00000002)
    __rt_exit_exit                           0x080002cd   Thumb Code     0  rtexit2.o(.ARM.Collect$$rtexit$$00000004)
    Reset_Handler                            0x080002d5   Thumb Code     8  startup_stm32f407xx.o(.text)
    ADC_IRQHandler                           0x080002ef   Thumb Code     0  startup_stm32f407xx.o(.text)
    CAN1_RX1_IRQHandler                      0x080002ef   Thumb Code     0  startup_stm32f407xx.o(.text)
    CAN1_SCE_IRQHandler                      0x080002ef   Thumb Code     0  startup_stm32f407xx.o(.text)
    CAN1_TX_IRQHandler                       0x080002ef   Thumb Code     0  startup_stm32f407xx.o(.text)
    CAN2_RX1_IRQHandler                      0x080002ef   Thumb Code     0  startup_stm32f407xx.o(.text)
    CAN2_SCE_IRQHandler                      0x080002ef   Thumb Code     0  startup_stm32f407xx.o(.text)
    CAN2_TX_IRQHandler                       0x080002ef   Thumb Code     0  startup_stm32f407xx.o(.text)
    DCMI_IRQHandler                          0x080002ef   Thumb Code     0  startup_stm32f407xx.o(.text)
    DMA1_Stream0_IRQHandler                  0x080002ef   Thumb Code     0  startup_stm32f407xx.o(.text)
    DMA1_Stream2_IRQHandler                  0x080002ef   Thumb Code     0  startup_stm32f407xx.o(.text)
    DMA1_Stream3_IRQHandler                  0x080002ef   Thumb Code     0  startup_stm32f407xx.o(.text)
    DMA1_Stream4_IRQHandler                  0x080002ef   Thumb Code     0  startup_stm32f407xx.o(.text)
    DMA1_Stream5_IRQHandler                  0x080002ef   Thumb Code     0  startup_stm32f407xx.o(.text)
    DMA1_Stream6_IRQHandler                  0x080002ef   Thumb Code     0  startup_stm32f407xx.o(.text)
    DMA1_Stream7_IRQHandler                  0x080002ef   Thumb Code     0  startup_stm32f407xx.o(.text)
    DMA2_Stream0_IRQHandler                  0x080002ef   Thumb Code     0  startup_stm32f407xx.o(.text)
    DMA2_Stream1_IRQHandler                  0x080002ef   Thumb Code     0  startup_stm32f407xx.o(.text)
    DMA2_Stream2_IRQHandler                  0x080002ef   Thumb Code     0  startup_stm32f407xx.o(.text)
    DMA2_Stream3_IRQHandler                  0x080002ef   Thumb Code     0  startup_stm32f407xx.o(.text)
    DMA2_Stream4_IRQHandler                  0x080002ef   Thumb Code     0  startup_stm32f407xx.o(.text)
    DMA2_Stream5_IRQHandler                  0x080002ef   Thumb Code     0  startup_stm32f407xx.o(.text)
    DMA2_Stream6_IRQHandler                  0x080002ef   Thumb Code     0  startup_stm32f407xx.o(.text)
    ETH_IRQHandler                           0x080002ef   Thumb Code     0  startup_stm32f407xx.o(.text)
    ETH_WKUP_IRQHandler                      0x080002ef   Thumb Code     0  startup_stm32f407xx.o(.text)
    EXTI0_IRQHandler                         0x080002ef   Thumb Code     0  startup_stm32f407xx.o(.text)
    EXTI15_10_IRQHandler                     0x080002ef   Thumb Code     0  startup_stm32f407xx.o(.text)
    EXTI1_IRQHandler                         0x080002ef   Thumb Code     0  startup_stm32f407xx.o(.text)
    EXTI2_IRQHandler                         0x080002ef   Thumb Code     0  startup_stm32f407xx.o(.text)
    EXTI3_IRQHandler                         0x080002ef   Thumb Code     0  startup_stm32f407xx.o(.text)
    EXTI4_IRQHandler                         0x080002ef   Thumb Code     0  startup_stm32f407xx.o(.text)
    EXTI9_5_IRQHandler                       0x080002ef   Thumb Code     0  startup_stm32f407xx.o(.text)
    FLASH_IRQHandler                         0x080002ef   Thumb Code     0  startup_stm32f407xx.o(.text)
    FMC_IRQHandler                           0x080002ef   Thumb Code     0  startup_stm32f407xx.o(.text)
    FPU_IRQHandler                           0x080002ef   Thumb Code     0  startup_stm32f407xx.o(.text)
    HASH_RNG_IRQHandler                      0x080002ef   Thumb Code     0  startup_stm32f407xx.o(.text)
    I2C1_ER_IRQHandler                       0x080002ef   Thumb Code     0  startup_stm32f407xx.o(.text)
    I2C1_EV_IRQHandler                       0x080002ef   Thumb Code     0  startup_stm32f407xx.o(.text)
    I2C2_ER_IRQHandler                       0x080002ef   Thumb Code     0  startup_stm32f407xx.o(.text)
    I2C2_EV_IRQHandler                       0x080002ef   Thumb Code     0  startup_stm32f407xx.o(.text)
    I2C3_ER_IRQHandler                       0x080002ef   Thumb Code     0  startup_stm32f407xx.o(.text)
    I2C3_EV_IRQHandler                       0x080002ef   Thumb Code     0  startup_stm32f407xx.o(.text)
    OTG_FS_IRQHandler                        0x080002ef   Thumb Code     0  startup_stm32f407xx.o(.text)
    OTG_FS_WKUP_IRQHandler                   0x080002ef   Thumb Code     0  startup_stm32f407xx.o(.text)
    OTG_HS_EP1_IN_IRQHandler                 0x080002ef   Thumb Code     0  startup_stm32f407xx.o(.text)
    OTG_HS_EP1_OUT_IRQHandler                0x080002ef   Thumb Code     0  startup_stm32f407xx.o(.text)
    OTG_HS_IRQHandler                        0x080002ef   Thumb Code     0  startup_stm32f407xx.o(.text)
    OTG_HS_WKUP_IRQHandler                   0x080002ef   Thumb Code     0  startup_stm32f407xx.o(.text)
    PVD_IRQHandler                           0x080002ef   Thumb Code     0  startup_stm32f407xx.o(.text)
    RCC_IRQHandler                           0x080002ef   Thumb Code     0  startup_stm32f407xx.o(.text)
    RTC_Alarm_IRQHandler                     0x080002ef   Thumb Code     0  startup_stm32f407xx.o(.text)
    RTC_WKUP_IRQHandler                      0x080002ef   Thumb Code     0  startup_stm32f407xx.o(.text)
    SDIO_IRQHandler                          0x080002ef   Thumb Code     0  startup_stm32f407xx.o(.text)
    SPI1_IRQHandler                          0x080002ef   Thumb Code     0  startup_stm32f407xx.o(.text)
    SPI2_IRQHandler                          0x080002ef   Thumb Code     0  startup_stm32f407xx.o(.text)
    SPI3_IRQHandler                          0x080002ef   Thumb Code     0  startup_stm32f407xx.o(.text)
    TAMP_STAMP_IRQHandler                    0x080002ef   Thumb Code     0  startup_stm32f407xx.o(.text)
    TIM1_BRK_TIM9_IRQHandler                 0x080002ef   Thumb Code     0  startup_stm32f407xx.o(.text)
    TIM1_CC_IRQHandler                       0x080002ef   Thumb Code     0  startup_stm32f407xx.o(.text)
    TIM1_TRG_COM_TIM11_IRQHandler            0x080002ef   Thumb Code     0  startup_stm32f407xx.o(.text)
    TIM1_UP_TIM10_IRQHandler                 0x080002ef   Thumb Code     0  startup_stm32f407xx.o(.text)
    TIM2_IRQHandler                          0x080002ef   Thumb Code     0  startup_stm32f407xx.o(.text)
    TIM3_IRQHandler                          0x080002ef   Thumb Code     0  startup_stm32f407xx.o(.text)
    TIM4_IRQHandler                          0x080002ef   Thumb Code     0  startup_stm32f407xx.o(.text)
    TIM5_IRQHandler                          0x080002ef   Thumb Code     0  startup_stm32f407xx.o(.text)
    TIM6_DAC_IRQHandler                      0x080002ef   Thumb Code     0  startup_stm32f407xx.o(.text)
    TIM7_IRQHandler                          0x080002ef   Thumb Code     0  startup_stm32f407xx.o(.text)
    TIM8_BRK_TIM12_IRQHandler                0x080002ef   Thumb Code     0  startup_stm32f407xx.o(.text)
    TIM8_CC_IRQHandler                       0x080002ef   Thumb Code     0  startup_stm32f407xx.o(.text)
    TIM8_TRG_COM_TIM14_IRQHandler            0x080002ef   Thumb Code     0  startup_stm32f407xx.o(.text)
    TIM8_UP_TIM13_IRQHandler                 0x080002ef   Thumb Code     0  startup_stm32f407xx.o(.text)
    UART4_IRQHandler                         0x080002ef   Thumb Code     0  startup_stm32f407xx.o(.text)
    UART5_IRQHandler                         0x080002ef   Thumb Code     0  startup_stm32f407xx.o(.text)
    USART2_IRQHandler                        0x080002ef   Thumb Code     0  startup_stm32f407xx.o(.text)
    USART3_IRQHandler                        0x080002ef   Thumb Code     0  startup_stm32f407xx.o(.text)
    USART6_IRQHandler                        0x080002ef   Thumb Code     0  startup_stm32f407xx.o(.text)
    WWDG_IRQHandler                          0x080002ef   Thumb Code     0  startup_stm32f407xx.o(.text)
    __user_initial_stackheap                 0x080002f1   Thumb Code     0  startup_stm32f407xx.o(.text)
    __aeabi_uldivmod                         0x08000315   Thumb Code     0  lludivv7m.o(.text)
    _ll_udiv                                 0x08000315   Thumb Code   238  lludivv7m.o(.text)
    vsnprintf                                0x08000405   Thumb Code    48  vsnprintf.o(.text)
    strlen                                   0x08000439   Thumb Code    62  strlen.o(.text)
    __aeabi_memclr4                          0x08000477   Thumb Code     0  rt_memclr_w.o(.text)
    __aeabi_memclr8                          0x08000477   Thumb Code     0  rt_memclr_w.o(.text)
    __rt_memclr_w                            0x08000477   Thumb Code    78  rt_memclr_w.o(.text)
    _memset_w                                0x0800047b   Thumb Code     0  rt_memclr_w.o(.text)
    __use_two_region_memory                  0x080004c5   Thumb Code     2  heapauxi.o(.text)
    __rt_heap_escrow$2region                 0x080004c7   Thumb Code     2  heapauxi.o(.text)
    __rt_heap_expand$2region                 0x080004c9   Thumb Code     2  heapauxi.o(.text)
    _printf_pre_padding                      0x080004cb   Thumb Code    44  _printf_pad.o(.text)
    _printf_post_padding                     0x080004f7   Thumb Code    34  _printf_pad.o(.text)
    _printf_truncate_signed                  0x08000519   Thumb Code    18  _printf_truncate.o(.text)
    _printf_truncate_unsigned                0x0800052b   Thumb Code    18  _printf_truncate.o(.text)
    _printf_str                              0x0800053d   Thumb Code    82  _printf_str.o(.text)
    _printf_int_dec                          0x08000591   Thumb Code   104  _printf_dec.o(.text)
    _printf_charcount                        0x08000609   Thumb Code    40  _printf_charcount.o(.text)
    _printf_char_common                      0x0800063b   Thumb Code    32  _printf_char_common.o(.text)
    _sputc                                   0x08000661   Thumb Code    10  _sputc.o(.text)
    _snputc                                  0x0800066b   Thumb Code    16  _snputc.o(.text)
    _printf_wctomb                           0x0800067d   Thumb Code   182  _printf_wctomb.o(.text)
    _printf_longlong_dec                     0x08000739   Thumb Code   108  _printf_longlong_dec.o(.text)
    _printf_longlong_oct                     0x080007b5   Thumb Code    66  _printf_oct_int_ll.o(.text)
    _printf_int_oct                          0x080007f7   Thumb Code    24  _printf_oct_int_ll.o(.text)
    _printf_ll_oct                           0x0800080f   Thumb Code    12  _printf_oct_int_ll.o(.text)
    _printf_longlong_hex                     0x08000825   Thumb Code    86  _printf_hex_int_ll_ptr.o(.text)
    _printf_int_hex                          0x0800087b   Thumb Code    28  _printf_hex_int_ll_ptr.o(.text)
    _printf_ll_hex                           0x08000897   Thumb Code    12  _printf_hex_int_ll_ptr.o(.text)
    _printf_hex_ptr                          0x080008a3   Thumb Code    18  _printf_hex_int_ll_ptr.o(.text)
    __printf                                 0x080008b9   Thumb Code   388  __printf_flags_ss_wp.o(.text)
    _ll_udiv10                               0x08000a41   Thumb Code   138  lludiv10.o(.text)
    _printf_int_common                       0x08000acb   Thumb Code   178  _printf_intcommon.o(.text)
    __lib_sel_fp_printf                      0x08000b7d   Thumb Code     2  _printf_fp_dec.o(.text)
    _printf_fp_dec_real                      0x08000d2f   Thumb Code   620  _printf_fp_dec.o(.text)
    _printf_fp_hex_real                      0x08000f9d   Thumb Code   756  _printf_fp_hex.o(.text)
    _printf_cs_common                        0x08001299   Thumb Code    20  _printf_char.o(.text)
    _printf_char                             0x080012ad   Thumb Code    16  _printf_char.o(.text)
    _printf_string                           0x080012bd   Thumb Code     8  _printf_char.o(.text)
    _printf_lcs_common                       0x080012c5   Thumb Code    20  _printf_wchar.o(.text)
    _printf_wchar                            0x080012d9   Thumb Code    16  _printf_wchar.o(.text)
    _printf_wstring                          0x080012e9   Thumb Code     8  _printf_wchar.o(.text)
    _wcrtomb                                 0x080012f1   Thumb Code    64  _wcrtomb.o(.text)
    __user_setup_stackheap                   0x08001331   Thumb Code    74  sys_stackheap_outer.o(.text)
    __rt_ctype_table                         0x0800137d   Thumb Code    16  rt_ctype_table.o(.text)
    __rt_locale                              0x0800138d   Thumb Code     8  rt_locale_intlibspace.o(.text)
    _printf_fp_infnan                        0x08001395   Thumb Code   112  _printf_fp_infnan.o(.text)
    _btod_etento                             0x08001415   Thumb Code   224  bigflt0.o(.text)
    exit                                     0x080014f9   Thumb Code    18  exit.o(.text)
    __user_libspace                          0x0800150d   Thumb Code     8  libspace.o(.text)
    __user_perproc_libspace                  0x0800150d   Thumb Code     0  libspace.o(.text)
    __user_perthread_libspace                0x0800150d   Thumb Code     0  libspace.o(.text)
    strcmp                                   0x08001515   Thumb Code   128  strcmpv7m.o(.text)
    _sys_exit                                0x08001595   Thumb Code     8  sys_exit.o(.text)
    __I$use$semihosting                      0x080015a1   Thumb Code     0  use_no_semi.o(.text)
    __use_no_semihosting_swi                 0x080015a1   Thumb Code     2  use_no_semi.o(.text)
    __semihosting_library_function           0x080015a3   Thumb Code     0  indicate_semi.o(.text)
    _btod_d2e                                0x080015a3   Thumb Code    62  btod.o(CL$$btod_d2e)
    _d2e_denorm_low                          0x080015e1   Thumb Code    70  btod.o(CL$$btod_d2e_denorm_low)
    _d2e_norm_op1                            0x08001627   Thumb Code    96  btod.o(CL$$btod_d2e_norm_op1)
    __btod_div_common                        0x08001687   Thumb Code   696  btod.o(CL$$btod_div_common)
    _e2e                                     0x080019bf   Thumb Code   220  btod.o(CL$$btod_e2e)
    _btod_ediv                               0x08001a9b   Thumb Code    42  btod.o(CL$$btod_ediv)
    _btod_emul                               0x08001ac5   Thumb Code    42  btod.o(CL$$btod_emul)
    __btod_mult_common                       0x08001aef   Thumb Code   580  btod.o(CL$$btod_mult_common)
    BusFault_Handler                         0x08001d33   Thumb Code     2  stm32f4xx_it.o(i.BusFault_Handler)
    CAN1_RX0_IRQHandler                      0x08001d35   Thumb Code     6  stm32f4xx_it.o(i.CAN1_RX0_IRQHandler)
    CAN2_RX0_IRQHandler                      0x08001d41   Thumb Code     6  stm32f4xx_it.o(i.CAN2_RX0_IRQHandler)
    CAN_cmd_gimbal                           0x08001d4d   Thumb Code    60  can_receive.o(i.CAN_cmd_gimbal)
    DMA1_Stream1_IRQHandler                  0x08001d95   Thumb Code     6  stm32f4xx_it.o(i.DMA1_Stream1_IRQHandler)
    DMA2_Stream7_IRQHandler                  0x08001da1   Thumb Code     6  stm32f4xx_it.o(i.DMA2_Stream7_IRQHandler)
    DebugMon_Handler                         0x08001e29   Thumb Code     2  stm32f4xx_it.o(i.DebugMon_Handler)
    Error_Handler                            0x08001e2b   Thumb Code     4  main.o(i.Error_Handler)
    HAL_CAN_ActivateNotification             0x08001e2f   Thumb Code    36  stm32f4xx_hal_can.o(i.HAL_CAN_ActivateNotification)
    HAL_CAN_AddTxMessage                     0x08001e53   Thumb Code   188  stm32f4xx_hal_can.o(i.HAL_CAN_AddTxMessage)
    HAL_CAN_ConfigFilter                     0x08001f11   Thumb Code   262  stm32f4xx_hal_can.o(i.HAL_CAN_ConfigFilter)
    HAL_CAN_ErrorCallback                    0x0800201d   Thumb Code     2  stm32f4xx_hal_can.o(i.HAL_CAN_ErrorCallback)
    HAL_CAN_GetRxMessage                     0x0800201f   Thumb Code   244  stm32f4xx_hal_can.o(i.HAL_CAN_GetRxMessage)
    HAL_CAN_IRQHandler                       0x08002113   Thumb Code   508  stm32f4xx_hal_can.o(i.HAL_CAN_IRQHandler)
    HAL_CAN_Init                             0x0800230f   Thumb Code   282  stm32f4xx_hal_can.o(i.HAL_CAN_Init)
    HAL_CAN_MspInit                          0x08002429   Thumb Code   226  can.o(i.HAL_CAN_MspInit)
    HAL_CAN_RxFifo0FullCallback              0x08002525   Thumb Code     2  stm32f4xx_hal_can.o(i.HAL_CAN_RxFifo0FullCallback)
    HAL_CAN_RxFifo0MsgPendingCallback        0x08002529   Thumb Code    82  can_receive.o(i.HAL_CAN_RxFifo0MsgPendingCallback)
    HAL_CAN_RxFifo1FullCallback              0x08002585   Thumb Code     2  stm32f4xx_hal_can.o(i.HAL_CAN_RxFifo1FullCallback)
    HAL_CAN_RxFifo1MsgPendingCallback        0x08002587   Thumb Code     2  stm32f4xx_hal_can.o(i.HAL_CAN_RxFifo1MsgPendingCallback)
    HAL_CAN_SleepCallback                    0x08002589   Thumb Code     2  stm32f4xx_hal_can.o(i.HAL_CAN_SleepCallback)
    HAL_CAN_Start                            0x0800258d   Thumb Code    88  stm32f4xx_hal_can.o(i.HAL_CAN_Start)
    HAL_CAN_TxMailbox0AbortCallback          0x080025e5   Thumb Code     2  stm32f4xx_hal_can.o(i.HAL_CAN_TxMailbox0AbortCallback)
    HAL_CAN_TxMailbox0CompleteCallback       0x080025e7   Thumb Code     2  stm32f4xx_hal_can.o(i.HAL_CAN_TxMailbox0CompleteCallback)
    HAL_CAN_TxMailbox1AbortCallback          0x080025e9   Thumb Code     2  stm32f4xx_hal_can.o(i.HAL_CAN_TxMailbox1AbortCallback)
    HAL_CAN_TxMailbox1CompleteCallback       0x080025eb   Thumb Code     2  stm32f4xx_hal_can.o(i.HAL_CAN_TxMailbox1CompleteCallback)
    HAL_CAN_TxMailbox2AbortCallback          0x080025ed   Thumb Code     2  stm32f4xx_hal_can.o(i.HAL_CAN_TxMailbox2AbortCallback)
    HAL_CAN_TxMailbox2CompleteCallback       0x080025ef   Thumb Code     2  stm32f4xx_hal_can.o(i.HAL_CAN_TxMailbox2CompleteCallback)
    HAL_CAN_WakeUpFromRxMsgCallback          0x080025f1   Thumb Code     2  stm32f4xx_hal_can.o(i.HAL_CAN_WakeUpFromRxMsgCallback)
    HAL_DMA_Abort                            0x080025f3   Thumb Code   146  stm32f4xx_hal_dma.o(i.HAL_DMA_Abort)
    HAL_DMA_Abort_IT                         0x08002685   Thumb Code    36  stm32f4xx_hal_dma.o(i.HAL_DMA_Abort_IT)
    HAL_DMA_IRQHandler                       0x080026a9   Thumb Code   412  stm32f4xx_hal_dma.o(i.HAL_DMA_IRQHandler)
    HAL_DMA_Init                             0x08002849   Thumb Code   206  stm32f4xx_hal_dma.o(i.HAL_DMA_Init)
    HAL_Delay                                0x0800291d   Thumb Code    32  stm32f4xx_hal.o(i.HAL_Delay)
    HAL_GPIO_Init                            0x08002941   Thumb Code   450  stm32f4xx_hal_gpio.o(i.HAL_GPIO_Init)
    HAL_GetTick                              0x08002b31   Thumb Code     6  stm32f4xx_hal.o(i.HAL_GetTick)
    HAL_IncTick                              0x08002b3d   Thumb Code    12  stm32f4xx_hal.o(i.HAL_IncTick)
    HAL_Init                                 0x08002b4d   Thumb Code    48  stm32f4xx_hal.o(i.HAL_Init)
    HAL_InitTick                             0x08002b81   Thumb Code    54  stm32f4xx_hal.o(i.HAL_InitTick)
    HAL_MspInit                              0x08002bc1   Thumb Code    42  stm32f4xx_hal_msp.o(i.HAL_MspInit)
    HAL_NVIC_EnableIRQ                       0x08002bf1   Thumb Code    26  stm32f4xx_hal_cortex.o(i.HAL_NVIC_EnableIRQ)
    HAL_NVIC_SetPriority                     0x08002c0d   Thumb Code    60  stm32f4xx_hal_cortex.o(i.HAL_NVIC_SetPriority)
    HAL_NVIC_SetPriorityGrouping             0x08002c4d   Thumb Code    26  stm32f4xx_hal_cortex.o(i.HAL_NVIC_SetPriorityGrouping)
    HAL_RCC_ClockConfig                      0x08002c71   Thumb Code   288  stm32f4xx_hal_rcc.o(i.HAL_RCC_ClockConfig)
    HAL_RCC_GetPCLK1Freq                     0x08002da5   Thumb Code    20  stm32f4xx_hal_rcc.o(i.HAL_RCC_GetPCLK1Freq)
    HAL_RCC_GetPCLK2Freq                     0x08002dc5   Thumb Code    20  stm32f4xx_hal_rcc.o(i.HAL_RCC_GetPCLK2Freq)
    HAL_RCC_GetSysClockFreq                  0x08002de5   Thumb Code    88  stm32f4xx_hal_rcc.o(i.HAL_RCC_GetSysClockFreq)
    HAL_RCC_OscConfig                        0x08002e49   Thumb Code   856  stm32f4xx_hal_rcc.o(i.HAL_RCC_OscConfig)
    HAL_SYSTICK_Config                       0x080031b5   Thumb Code    40  stm32f4xx_hal_cortex.o(i.HAL_SYSTICK_Config)
    HAL_UARTEx_RxEventCallback               0x080031dd   Thumb Code     2  stm32f4xx_hal_uart.o(i.HAL_UARTEx_RxEventCallback)
    HAL_UART_ErrorCallback                   0x080031df   Thumb Code     2  stm32f4xx_hal_uart.o(i.HAL_UART_ErrorCallback)
    HAL_UART_IRQHandler                      0x080031e1   Thumb Code   636  stm32f4xx_hal_uart.o(i.HAL_UART_IRQHandler)
    HAL_UART_Init                            0x08003461   Thumb Code   100  stm32f4xx_hal_uart.o(i.HAL_UART_Init)
    HAL_UART_MspInit                         0x080034c5   Thumb Code   312  usart.o(i.HAL_UART_MspInit)
    HAL_UART_RxCpltCallback                  0x08003621   Thumb Code     2  stm32f4xx_hal_uart.o(i.HAL_UART_RxCpltCallback)
    HAL_UART_Transmit                        0x08003623   Thumb Code   160  stm32f4xx_hal_uart.o(i.HAL_UART_Transmit)
    HAL_UART_TxCpltCallback                  0x080036c3   Thumb Code     2  stm32f4xx_hal_uart.o(i.HAL_UART_TxCpltCallback)
    HardFault_Handler                        0x080036c5   Thumb Code     2  stm32f4xx_it.o(i.HardFault_Handler)
    MX_CAN1_Init                             0x080036c9   Thumb Code    60  can.o(i.MX_CAN1_Init)
    MX_CAN2_Init                             0x0800370d   Thumb Code    60  can.o(i.MX_CAN2_Init)
    MX_DMA_Init                              0x08003751   Thumb Code    72  dma.o(i.MX_DMA_Init)
    MX_GPIO_Init                             0x0800379d   Thumb Code    86  gpio.o(i.MX_GPIO_Init)
    MX_USART1_UART_Init                      0x080037f9   Thumb Code    48  usart.o(i.MX_USART1_UART_Init)
    MX_USART3_UART_Init                      0x08003831   Thumb Code    48  usart.o(i.MX_USART3_UART_Init)
    MemManage_Handler                        0x08003869   Thumb Code     2  stm32f4xx_it.o(i.MemManage_Handler)
    NMI_Handler                              0x0800386b   Thumb Code     2  stm32f4xx_it.o(i.NMI_Handler)
    PID_calc                                 0x0800386d   Thumb Code   292  pid.o(i.PID_calc)
    PID_init                                 0x08003995   Thumb Code    88  pid.o(i.PID_init)
    PendSV_Handler                           0x080039f1   Thumb Code     2  stm32f4xx_it.o(i.PendSV_Handler)
    SVC_Handler                              0x080039f3   Thumb Code     2  stm32f4xx_it.o(i.SVC_Handler)
    SysTick_Handler                          0x080039f5   Thumb Code     4  stm32f4xx_it.o(i.SysTick_Handler)
    SystemClock_Config                       0x080039f9   Thumb Code   140  main.o(i.SystemClock_Config)
    SystemInit                               0x08003a8d   Thumb Code    12  system_stm32f4xx.o(i.SystemInit)
    USART1_IRQHandler                        0x08003d3d   Thumb Code     6  stm32f4xx_it.o(i.USART1_IRQHandler)
    UsageFault_Handler                       0x08003d49   Thumb Code     2  stm32f4xx_it.o(i.UsageFault_Handler)
    __ARM_fpclassify                         0x08003d4b   Thumb Code    48  fpclassify.o(i.__ARM_fpclassify)
    _is_digit                                0x08003d9b   Thumb Code    14  __printf_wp.o(i._is_digit)
    can_filter_init                          0x08003da9   Thumb Code    80  bsp_can.o(i.can_filter_init)
    get_yaw_gimbal_motor_measure_point       0x08003e01   Thumb Code     4  can_receive.o(i.get_yaw_gimbal_motor_measure_point)
    main                                     0x08003e09   Thumb Code   146  main.o(i.main)
    speed_motor_init                         0x08003eb9   Thumb Code    18  main.o(i.speed_motor_init)
    usart_printf                             0x08003edd   Thumb Code    44  usart.o(i.usart_printf)
    _get_lc_numeric                          0x08003f0d   Thumb Code    44  lc_numeric_c.o(locale$$code)
    _get_lc_ctype                            0x08003f39   Thumb Code    44  lc_ctype_c.o(locale$$code)
    _fp_init                                 0x08003f65   Thumb Code    10  fpinit.o(x$fpl$fpinit)
    __fplib_config_fpu_vfp                   0x08003f6d   Thumb Code     0  fpinit.o(x$fpl$fpinit)
    __fplib_config_pureend_doubles           0x08003f6d   Thumb Code     0  fpinit.o(x$fpl$fpinit)
    _printf_fp_dec                           0x08003f6f   Thumb Code     4  printf1.o(x$fpl$printf1)
    _printf_fp_hex                           0x08003f73   Thumb Code     4  printf2.o(x$fpl$printf2)
    __I$use$fp                               0x08003f76   Number         0  usenofp.o(x$fpl$usenofp)
    AHBPrescTable                            0x08003f8c   Data          16  system_stm32f4xx.o(.constdata)
    APBPrescTable                            0x08003f9c   Data           8  system_stm32f4xx.o(.constdata)
    Region$$Table$$Base                      0x080040a0   Number         0  anon$$obj.o(Region$$Table)
    Region$$Table$$Limit                     0x080040c0   Number         0  anon$$obj.o(Region$$Table)
    __ctype                                  0x080040e9   Data           0  lc_ctype_c.o(locale$$data)
    set_speed                                0x20000000   Data           2  main.o(.data)
    motor_given_current                      0x20000002   Data           2  main.o(.data)
    local_trigger                            0x20000004   Data           4  main.o(.data)
    uwTickFreq                               0x20000020   Data           1  stm32f4xx_hal.o(.data)
    uwTickPrio                               0x20000024   Data           4  stm32f4xx_hal.o(.data)
    uwTick                                   0x20000028   Data           4  stm32f4xx_hal.o(.data)
    SystemCoreClock                          0x2000002c   Data           4  system_stm32f4xx.o(.data)
    motor_pid                                0x20000030   Data          72  main.o(.bss)
    hcan1                                    0x20000078   Data          40  can.o(.bss)
    hcan2                                    0x200000a0   Data          40  can.o(.bss)
    huart1                                   0x200000c8   Data          72  usart.o(.bss)
    huart3                                   0x20000110   Data          72  usart.o(.bss)
    hdma_usart1_tx                           0x20000158   Data          96  usart.o(.bss)
    hdma_usart3_rx                           0x200001b8   Data          96  usart.o(.bss)
    __libspace_start                         0x20000290   Data          96  libspace.o(.bss)
    __temporary_stack_top$libspace           0x200002f0   Data           0  libspace.o(.bss)



==============================================================================

Memory Map of the image

  Image Entry point : 0x08000189

  Load Region LR_IROM1 (Base: 0x08000000, Size: 0x0000421c, Max: 0x00100000, ABSOLUTE)

    Execution Region ER_IROM1 (Exec base: 0x08000000, Load base: 0x08000000, Size: 0x000041ec, Max: 0x00100000, ABSOLUTE)

    Exec Addr    Load Addr    Size         Type   Attr      Idx    E Section Name        Object

    0x08000000   0x08000000   0x00000188   Data   RO            3    RESET               startup_stm32f407xx.o
    0x08000188   0x08000188   0x00000008   Code   RO         2493  * !!!main             c_w.l(__main.o)
    0x08000190   0x08000190   0x00000034   Code   RO         2826    !!!scatter          c_w.l(__scatter.o)
    0x080001c4   0x080001c4   0x0000001a   Code   RO         2828    !!handler_copy      c_w.l(__scatter_copy.o)
    0x080001de   0x080001de   0x00000002   PAD
    0x080001e0   0x080001e0   0x0000001c   Code   RO         2830    !!handler_zi        c_w.l(__scatter_zi.o)
    0x080001fc   0x080001fc   0x00000000   Code   RO         2583    .ARM.Collect$$_printf_percent$$00000000  c_w.l(_printf_percent.o)
    0x080001fc   0x080001fc   0x00000006   Code   RO         2572    .ARM.Collect$$_printf_percent$$00000001  c_w.l(_printf_n.o)
    0x08000202   0x08000202   0x00000006   Code   RO         2574    .ARM.Collect$$_printf_percent$$00000002  c_w.l(_printf_p.o)
    0x08000208   0x08000208   0x00000006   Code   RO         2579    .ARM.Collect$$_printf_percent$$00000003  c_w.l(_printf_f.o)
    0x0800020e   0x0800020e   0x00000006   Code   RO         2580    .ARM.Collect$$_printf_percent$$00000004  c_w.l(_printf_e.o)
    0x08000214   0x08000214   0x00000006   Code   RO         2581    .ARM.Collect$$_printf_percent$$00000005  c_w.l(_printf_g.o)
    0x0800021a   0x0800021a   0x00000006   Code   RO         2582    .ARM.Collect$$_printf_percent$$00000006  c_w.l(_printf_a.o)
    0x08000220   0x08000220   0x0000000a   Code   RO         2587    .ARM.Collect$$_printf_percent$$00000007  c_w.l(_printf_ll.o)
    0x0800022a   0x0800022a   0x00000006   Code   RO         2576    .ARM.Collect$$_printf_percent$$00000008  c_w.l(_printf_i.o)
    0x08000230   0x08000230   0x00000006   Code   RO         2577    .ARM.Collect$$_printf_percent$$00000009  c_w.l(_printf_d.o)
    0x08000236   0x08000236   0x00000006   Code   RO         2578    .ARM.Collect$$_printf_percent$$0000000A  c_w.l(_printf_u.o)
    0x0800023c   0x0800023c   0x00000006   Code   RO         2575    .ARM.Collect$$_printf_percent$$0000000B  c_w.l(_printf_o.o)
    0x08000242   0x08000242   0x00000006   Code   RO         2573    .ARM.Collect$$_printf_percent$$0000000C  c_w.l(_printf_x.o)
    0x08000248   0x08000248   0x00000006   Code   RO         2584    .ARM.Collect$$_printf_percent$$0000000D  c_w.l(_printf_lli.o)
    0x0800024e   0x0800024e   0x00000006   Code   RO         2585    .ARM.Collect$$_printf_percent$$0000000E  c_w.l(_printf_lld.o)
    0x08000254   0x08000254   0x00000006   Code   RO         2586    .ARM.Collect$$_printf_percent$$0000000F  c_w.l(_printf_llu.o)
    0x0800025a   0x0800025a   0x00000006   Code   RO         2591    .ARM.Collect$$_printf_percent$$00000010  c_w.l(_printf_llo.o)
    0x08000260   0x08000260   0x00000006   Code   RO         2592    .ARM.Collect$$_printf_percent$$00000011  c_w.l(_printf_llx.o)
    0x08000266   0x08000266   0x0000000a   Code   RO         2588    .ARM.Collect$$_printf_percent$$00000012  c_w.l(_printf_l.o)
    0x08000270   0x08000270   0x00000006   Code   RO         2570    .ARM.Collect$$_printf_percent$$00000013  c_w.l(_printf_c.o)
    0x08000276   0x08000276   0x00000006   Code   RO         2571    .ARM.Collect$$_printf_percent$$00000014  c_w.l(_printf_s.o)
    0x0800027c   0x0800027c   0x00000006   Code   RO         2589    .ARM.Collect$$_printf_percent$$00000015  c_w.l(_printf_lc.o)
    0x08000282   0x08000282   0x00000006   Code   RO         2590    .ARM.Collect$$_printf_percent$$00000016  c_w.l(_printf_ls.o)
    0x08000288   0x08000288   0x00000004   Code   RO         2633    .ARM.Collect$$_printf_percent$$00000017  c_w.l(_printf_percent_end.o)
    0x0800028c   0x0800028c   0x00000002   Code   RO         2686    .ARM.Collect$$libinit$$00000000  c_w.l(libinit.o)
    0x0800028e   0x0800028e   0x00000004   Code   RO         2708    .ARM.Collect$$libinit$$00000001  c_w.l(libinit2.o)
    0x08000292   0x08000292   0x00000000   Code   RO         2711    .ARM.Collect$$libinit$$00000004  c_w.l(libinit2.o)
    0x08000292   0x08000292   0x00000000   Code   RO         2714    .ARM.Collect$$libinit$$0000000A  c_w.l(libinit2.o)
    0x08000292   0x08000292   0x00000000   Code   RO         2716    .ARM.Collect$$libinit$$0000000C  c_w.l(libinit2.o)
    0x08000292   0x08000292   0x00000000   Code   RO         2718    .ARM.Collect$$libinit$$0000000E  c_w.l(libinit2.o)
    0x08000292   0x08000292   0x00000006   Code   RO         2719    .ARM.Collect$$libinit$$0000000F  c_w.l(libinit2.o)
    0x08000298   0x08000298   0x00000000   Code   RO         2721    .ARM.Collect$$libinit$$00000011  c_w.l(libinit2.o)
    0x08000298   0x08000298   0x0000000c   Code   RO         2722    .ARM.Collect$$libinit$$00000012  c_w.l(libinit2.o)
    0x080002a4   0x080002a4   0x00000000   Code   RO         2723    .ARM.Collect$$libinit$$00000013  c_w.l(libinit2.o)
    0x080002a4   0x080002a4   0x00000000   Code   RO         2725    .ARM.Collect$$libinit$$00000015  c_w.l(libinit2.o)
    0x080002a4   0x080002a4   0x0000000a   Code   RO         2726    .ARM.Collect$$libinit$$00000016  c_w.l(libinit2.o)
    0x080002ae   0x080002ae   0x00000000   Code   RO         2727    .ARM.Collect$$libinit$$00000017  c_w.l(libinit2.o)
    0x080002ae   0x080002ae   0x00000000   Code   RO         2729    .ARM.Collect$$libinit$$00000019  c_w.l(libinit2.o)
    0x080002ae   0x080002ae   0x00000000   Code   RO         2731    .ARM.Collect$$libinit$$0000001B  c_w.l(libinit2.o)
    0x080002ae   0x080002ae   0x00000000   Code   RO         2733    .ARM.Collect$$libinit$$0000001D  c_w.l(libinit2.o)
    0x080002ae   0x080002ae   0x00000000   Code   RO         2735    .ARM.Collect$$libinit$$0000001F  c_w.l(libinit2.o)
    0x080002ae   0x080002ae   0x00000000   Code   RO         2737    .ARM.Collect$$libinit$$00000021  c_w.l(libinit2.o)
    0x080002ae   0x080002ae   0x00000000   Code   RO         2739    .ARM.Collect$$libinit$$00000023  c_w.l(libinit2.o)
    0x080002ae   0x080002ae   0x00000000   Code   RO         2741    .ARM.Collect$$libinit$$00000025  c_w.l(libinit2.o)
    0x080002ae   0x080002ae   0x00000000   Code   RO         2745    .ARM.Collect$$libinit$$0000002C  c_w.l(libinit2.o)
    0x080002ae   0x080002ae   0x00000000   Code   RO         2747    .ARM.Collect$$libinit$$0000002E  c_w.l(libinit2.o)
    0x080002ae   0x080002ae   0x00000000   Code   RO         2749    .ARM.Collect$$libinit$$00000030  c_w.l(libinit2.o)
    0x080002ae   0x080002ae   0x00000000   Code   RO         2751    .ARM.Collect$$libinit$$00000032  c_w.l(libinit2.o)
    0x080002ae   0x080002ae   0x00000002   Code   RO         2752    .ARM.Collect$$libinit$$00000033  c_w.l(libinit2.o)
    0x080002b0   0x080002b0   0x00000002   Code   RO         2783    .ARM.Collect$$libshutdown$$00000000  c_w.l(libshutdown.o)
    0x080002b2   0x080002b2   0x00000000   Code   RO         2809    .ARM.Collect$$libshutdown$$00000002  c_w.l(libshutdown2.o)
    0x080002b2   0x080002b2   0x00000000   Code   RO         2811    .ARM.Collect$$libshutdown$$00000004  c_w.l(libshutdown2.o)
    0x080002b2   0x080002b2   0x00000000   Code   RO         2814    .ARM.Collect$$libshutdown$$00000007  c_w.l(libshutdown2.o)
    0x080002b2   0x080002b2   0x00000000   Code   RO         2817    .ARM.Collect$$libshutdown$$0000000A  c_w.l(libshutdown2.o)
    0x080002b2   0x080002b2   0x00000000   Code   RO         2819    .ARM.Collect$$libshutdown$$0000000C  c_w.l(libshutdown2.o)
    0x080002b2   0x080002b2   0x00000000   Code   RO         2822    .ARM.Collect$$libshutdown$$0000000F  c_w.l(libshutdown2.o)
    0x080002b2   0x080002b2   0x00000002   Code   RO         2823    .ARM.Collect$$libshutdown$$00000010  c_w.l(libshutdown2.o)
    0x080002b4   0x080002b4   0x00000000   Code   RO         2495    .ARM.Collect$$rtentry$$00000000  c_w.l(__rtentry.o)
    0x080002b4   0x080002b4   0x00000000   Code   RO         2602    .ARM.Collect$$rtentry$$00000002  c_w.l(__rtentry2.o)
    0x080002b4   0x080002b4   0x00000006   Code   RO         2614    .ARM.Collect$$rtentry$$00000004  c_w.l(__rtentry4.o)
    0x080002ba   0x080002ba   0x00000000   Code   RO         2604    .ARM.Collect$$rtentry$$00000009  c_w.l(__rtentry2.o)
    0x080002ba   0x080002ba   0x00000004   Code   RO         2605    .ARM.Collect$$rtentry$$0000000A  c_w.l(__rtentry2.o)
    0x080002be   0x080002be   0x00000000   Code   RO         2607    .ARM.Collect$$rtentry$$0000000C  c_w.l(__rtentry2.o)
    0x080002be   0x080002be   0x00000008   Code   RO         2608    .ARM.Collect$$rtentry$$0000000D  c_w.l(__rtentry2.o)
    0x080002c6   0x080002c6   0x00000002   Code   RO         2695    .ARM.Collect$$rtexit$$00000000  c_w.l(rtexit.o)
    0x080002c8   0x080002c8   0x00000000   Code   RO         2756    .ARM.Collect$$rtexit$$00000002  c_w.l(rtexit2.o)
    0x080002c8   0x080002c8   0x00000004   Code   RO         2757    .ARM.Collect$$rtexit$$00000003  c_w.l(rtexit2.o)
    0x080002cc   0x080002cc   0x00000006   Code   RO         2758    .ARM.Collect$$rtexit$$00000004  c_w.l(rtexit2.o)
    0x080002d2   0x080002d2   0x00000002   PAD
    0x080002d4   0x080002d4   0x00000040   Code   RO            4    .text               startup_stm32f407xx.o
    0x08000314   0x08000314   0x000000ee   Code   RO         2483    .text               c_w.l(lludivv7m.o)
    0x08000402   0x08000402   0x00000002   PAD
    0x08000404   0x08000404   0x00000034   Code   RO         2485    .text               c_w.l(vsnprintf.o)
    0x08000438   0x08000438   0x0000003e   Code   RO         2487    .text               c_w.l(strlen.o)
    0x08000476   0x08000476   0x0000004e   Code   RO         2489    .text               c_w.l(rt_memclr_w.o)
    0x080004c4   0x080004c4   0x00000006   Code   RO         2491    .text               c_w.l(heapauxi.o)
    0x080004ca   0x080004ca   0x0000004e   Code   RO         2502    .text               c_w.l(_printf_pad.o)
    0x08000518   0x08000518   0x00000024   Code   RO         2504    .text               c_w.l(_printf_truncate.o)
    0x0800053c   0x0800053c   0x00000052   Code   RO         2506    .text               c_w.l(_printf_str.o)
    0x0800058e   0x0800058e   0x00000002   PAD
    0x08000590   0x08000590   0x00000078   Code   RO         2508    .text               c_w.l(_printf_dec.o)
    0x08000608   0x08000608   0x00000028   Code   RO         2510    .text               c_w.l(_printf_charcount.o)
    0x08000630   0x08000630   0x00000030   Code   RO         2512    .text               c_w.l(_printf_char_common.o)
    0x08000660   0x08000660   0x0000000a   Code   RO         2514    .text               c_w.l(_sputc.o)
    0x0800066a   0x0800066a   0x00000010   Code   RO         2516    .text               c_w.l(_snputc.o)
    0x0800067a   0x0800067a   0x00000002   PAD
    0x0800067c   0x0800067c   0x000000bc   Code   RO         2518    .text               c_w.l(_printf_wctomb.o)
    0x08000738   0x08000738   0x0000007c   Code   RO         2521    .text               c_w.l(_printf_longlong_dec.o)
    0x080007b4   0x080007b4   0x00000070   Code   RO         2527    .text               c_w.l(_printf_oct_int_ll.o)
    0x08000824   0x08000824   0x00000094   Code   RO         2547    .text               c_w.l(_printf_hex_int_ll_ptr.o)
    0x080008b8   0x080008b8   0x00000188   Code   RO         2567    .text               c_w.l(__printf_flags_ss_wp.o)
    0x08000a40   0x08000a40   0x0000008a   Code   RO         2618    .text               c_w.l(lludiv10.o)
    0x08000aca   0x08000aca   0x000000b2   Code   RO         2620    .text               c_w.l(_printf_intcommon.o)
    0x08000b7c   0x08000b7c   0x0000041e   Code   RO         2622    .text               c_w.l(_printf_fp_dec.o)
    0x08000f9a   0x08000f9a   0x00000002   PAD
    0x08000f9c   0x08000f9c   0x000002fc   Code   RO         2624    .text               c_w.l(_printf_fp_hex.o)
    0x08001298   0x08001298   0x0000002c   Code   RO         2629    .text               c_w.l(_printf_char.o)
    0x080012c4   0x080012c4   0x0000002c   Code   RO         2631    .text               c_w.l(_printf_wchar.o)
    0x080012f0   0x080012f0   0x00000040   Code   RO         2634    .text               c_w.l(_wcrtomb.o)
    0x08001330   0x08001330   0x0000004a   Code   RO         2636    .text               c_w.l(sys_stackheap_outer.o)
    0x0800137a   0x0800137a   0x00000002   PAD
    0x0800137c   0x0800137c   0x00000010   Code   RO         2638    .text               c_w.l(rt_ctype_table.o)
    0x0800138c   0x0800138c   0x00000008   Code   RO         2643    .text               c_w.l(rt_locale_intlibspace.o)
    0x08001394   0x08001394   0x00000080   Code   RO         2645    .text               c_w.l(_printf_fp_infnan.o)
    0x08001414   0x08001414   0x000000e4   Code   RO         2647    .text               c_w.l(bigflt0.o)
    0x080014f8   0x080014f8   0x00000012   Code   RO         2675    .text               c_w.l(exit.o)
    0x0800150a   0x0800150a   0x00000002   PAD
    0x0800150c   0x0800150c   0x00000008   Code   RO         2692    .text               c_w.l(libspace.o)
    0x08001514   0x08001514   0x00000080   Code   RO         2706    .text               c_w.l(strcmpv7m.o)
    0x08001594   0x08001594   0x0000000c   Code   RO         2753    .text               c_w.l(sys_exit.o)
    0x080015a0   0x080015a0   0x00000002   Code   RO         2772    .text               c_w.l(use_no_semi.o)
    0x080015a2   0x080015a2   0x00000000   Code   RO         2774    .text               c_w.l(indicate_semi.o)
    0x080015a2   0x080015a2   0x0000003e   Code   RO         2650    CL$$btod_d2e        c_w.l(btod.o)
    0x080015e0   0x080015e0   0x00000046   Code   RO         2652    CL$$btod_d2e_denorm_low  c_w.l(btod.o)
    0x08001626   0x08001626   0x00000060   Code   RO         2651    CL$$btod_d2e_norm_op1  c_w.l(btod.o)
    0x08001686   0x08001686   0x00000338   Code   RO         2660    CL$$btod_div_common  c_w.l(btod.o)
    0x080019be   0x080019be   0x000000dc   Code   RO         2657    CL$$btod_e2e        c_w.l(btod.o)
    0x08001a9a   0x08001a9a   0x0000002a   Code   RO         2654    CL$$btod_ediv       c_w.l(btod.o)
    0x08001ac4   0x08001ac4   0x0000002a   Code   RO         2653    CL$$btod_emul       c_w.l(btod.o)
    0x08001aee   0x08001aee   0x00000244   Code   RO         2659    CL$$btod_mult_common  c_w.l(btod.o)
    0x08001d32   0x08001d32   0x00000002   Code   RO          369    i.BusFault_Handler  stm32f4xx_it.o
    0x08001d34   0x08001d34   0x0000000c   Code   RO          370    i.CAN1_RX0_IRQHandler  stm32f4xx_it.o
    0x08001d40   0x08001d40   0x0000000c   Code   RO          371    i.CAN2_RX0_IRQHandler  stm32f4xx_it.o
    0x08001d4c   0x08001d4c   0x00000048   Code   RO          589    i.CAN_cmd_gimbal    can_receive.o
    0x08001d94   0x08001d94   0x0000000c   Code   RO          372    i.DMA1_Stream1_IRQHandler  stm32f4xx_it.o
    0x08001da0   0x08001da0   0x0000000c   Code   RO          373    i.DMA2_Stream7_IRQHandler  stm32f4xx_it.o
    0x08001dac   0x08001dac   0x00000028   Code   RO         1392    i.DMA_CalcBaseAndBitshift  stm32f4xx_hal_dma.o
    0x08001dd4   0x08001dd4   0x00000054   Code   RO         1393    i.DMA_CheckFifoParam  stm32f4xx_hal_dma.o
    0x08001e28   0x08001e28   0x00000002   Code   RO          374    i.DebugMon_Handler  stm32f4xx_it.o
    0x08001e2a   0x08001e2a   0x00000004   Code   RO           13    i.Error_Handler     main.o
    0x08001e2e   0x08001e2e   0x00000024   Code   RO          700    i.HAL_CAN_ActivateNotification  stm32f4xx_hal_can.o
    0x08001e52   0x08001e52   0x000000bc   Code   RO          701    i.HAL_CAN_AddTxMessage  stm32f4xx_hal_can.o
    0x08001f0e   0x08001f0e   0x00000002   PAD
    0x08001f10   0x08001f10   0x0000010c   Code   RO          702    i.HAL_CAN_ConfigFilter  stm32f4xx_hal_can.o
    0x0800201c   0x0800201c   0x00000002   Code   RO          705    i.HAL_CAN_ErrorCallback  stm32f4xx_hal_can.o
    0x0800201e   0x0800201e   0x000000f4   Code   RO          708    i.HAL_CAN_GetRxMessage  stm32f4xx_hal_can.o
    0x08002112   0x08002112   0x000001fc   Code   RO          712    i.HAL_CAN_IRQHandler  stm32f4xx_hal_can.o
    0x0800230e   0x0800230e   0x0000011a   Code   RO          713    i.HAL_CAN_Init      stm32f4xx_hal_can.o
    0x08002428   0x08002428   0x000000fc   Code   RO          233    i.HAL_CAN_MspInit   can.o
    0x08002524   0x08002524   0x00000002   Code   RO          720    i.HAL_CAN_RxFifo0FullCallback  stm32f4xx_hal_can.o
    0x08002526   0x08002526   0x00000002   PAD
    0x08002528   0x08002528   0x0000005c   Code   RO          590    i.HAL_CAN_RxFifo0MsgPendingCallback  can_receive.o
    0x08002584   0x08002584   0x00000002   Code   RO          722    i.HAL_CAN_RxFifo1FullCallback  stm32f4xx_hal_can.o
    0x08002586   0x08002586   0x00000002   Code   RO          723    i.HAL_CAN_RxFifo1MsgPendingCallback  stm32f4xx_hal_can.o
    0x08002588   0x08002588   0x00000002   Code   RO          724    i.HAL_CAN_SleepCallback  stm32f4xx_hal_can.o
    0x0800258a   0x0800258a   0x00000002   PAD
    0x0800258c   0x0800258c   0x00000058   Code   RO          725    i.HAL_CAN_Start     stm32f4xx_hal_can.o
    0x080025e4   0x080025e4   0x00000002   Code   RO          727    i.HAL_CAN_TxMailbox0AbortCallback  stm32f4xx_hal_can.o
    0x080025e6   0x080025e6   0x00000002   Code   RO          728    i.HAL_CAN_TxMailbox0CompleteCallback  stm32f4xx_hal_can.o
    0x080025e8   0x080025e8   0x00000002   Code   RO          729    i.HAL_CAN_TxMailbox1AbortCallback  stm32f4xx_hal_can.o
    0x080025ea   0x080025ea   0x00000002   Code   RO          730    i.HAL_CAN_TxMailbox1CompleteCallback  stm32f4xx_hal_can.o
    0x080025ec   0x080025ec   0x00000002   Code   RO          731    i.HAL_CAN_TxMailbox2AbortCallback  stm32f4xx_hal_can.o
    0x080025ee   0x080025ee   0x00000002   Code   RO          732    i.HAL_CAN_TxMailbox2CompleteCallback  stm32f4xx_hal_can.o
    0x080025f0   0x080025f0   0x00000002   Code   RO          734    i.HAL_CAN_WakeUpFromRxMsgCallback  stm32f4xx_hal_can.o
    0x080025f2   0x080025f2   0x00000092   Code   RO         1395    i.HAL_DMA_Abort     stm32f4xx_hal_dma.o
    0x08002684   0x08002684   0x00000024   Code   RO         1396    i.HAL_DMA_Abort_IT  stm32f4xx_hal_dma.o
    0x080026a8   0x080026a8   0x000001a0   Code   RO         1400    i.HAL_DMA_IRQHandler  stm32f4xx_hal_dma.o
    0x08002848   0x08002848   0x000000d4   Code   RO         1401    i.HAL_DMA_Init      stm32f4xx_hal_dma.o
    0x0800291c   0x0800291c   0x00000024   Code   RO         1832    i.HAL_Delay         stm32f4xx_hal.o
    0x08002940   0x08002940   0x000001f0   Code   RO         1288    i.HAL_GPIO_Init     stm32f4xx_hal_gpio.o
    0x08002b30   0x08002b30   0x0000000c   Code   RO         1838    i.HAL_GetTick       stm32f4xx_hal.o
    0x08002b3c   0x08002b3c   0x00000010   Code   RO         1844    i.HAL_IncTick       stm32f4xx_hal.o
    0x08002b4c   0x08002b4c   0x00000034   Code   RO         1845    i.HAL_Init          stm32f4xx_hal.o
    0x08002b80   0x08002b80   0x00000040   Code   RO         1846    i.HAL_InitTick      stm32f4xx_hal.o
    0x08002bc0   0x08002bc0   0x00000030   Code   RO          475    i.HAL_MspInit       stm32f4xx_hal_msp.o
    0x08002bf0   0x08002bf0   0x0000001a   Code   RO         1680    i.HAL_NVIC_EnableIRQ  stm32f4xx_hal_cortex.o
    0x08002c0a   0x08002c0a   0x00000002   PAD
    0x08002c0c   0x08002c0c   0x00000040   Code   RO         1686    i.HAL_NVIC_SetPriority  stm32f4xx_hal_cortex.o
    0x08002c4c   0x08002c4c   0x00000024   Code   RO         1687    i.HAL_NVIC_SetPriorityGrouping  stm32f4xx_hal_cortex.o
    0x08002c70   0x08002c70   0x00000134   Code   RO          934    i.HAL_RCC_ClockConfig  stm32f4xx_hal_rcc.o
    0x08002da4   0x08002da4   0x00000020   Code   RO          941    i.HAL_RCC_GetPCLK1Freq  stm32f4xx_hal_rcc.o
    0x08002dc4   0x08002dc4   0x00000020   Code   RO          942    i.HAL_RCC_GetPCLK2Freq  stm32f4xx_hal_rcc.o
    0x08002de4   0x08002de4   0x00000064   Code   RO          943    i.HAL_RCC_GetSysClockFreq  stm32f4xx_hal_rcc.o
    0x08002e48   0x08002e48   0x0000036c   Code   RO          946    i.HAL_RCC_OscConfig  stm32f4xx_hal_rcc.o
    0x080031b4   0x080031b4   0x00000028   Code   RO         1691    i.HAL_SYSTICK_Config  stm32f4xx_hal_cortex.o
    0x080031dc   0x080031dc   0x00000002   Code   RO         2095    i.HAL_UARTEx_RxEventCallback  stm32f4xx_hal_uart.o
    0x080031de   0x080031de   0x00000002   Code   RO         2109    i.HAL_UART_ErrorCallback  stm32f4xx_hal_uart.o
    0x080031e0   0x080031e0   0x00000280   Code   RO         2112    i.HAL_UART_IRQHandler  stm32f4xx_hal_uart.o
    0x08003460   0x08003460   0x00000064   Code   RO         2113    i.HAL_UART_Init     stm32f4xx_hal_uart.o
    0x080034c4   0x080034c4   0x0000015c   Code   RO          309    i.HAL_UART_MspInit  usart.o
    0x08003620   0x08003620   0x00000002   Code   RO         2119    i.HAL_UART_RxCpltCallback  stm32f4xx_hal_uart.o
    0x08003622   0x08003622   0x000000a0   Code   RO         2121    i.HAL_UART_Transmit  stm32f4xx_hal_uart.o
    0x080036c2   0x080036c2   0x00000002   Code   RO         2124    i.HAL_UART_TxCpltCallback  stm32f4xx_hal_uart.o
    0x080036c4   0x080036c4   0x00000002   Code   RO          375    i.HardFault_Handler  stm32f4xx_it.o
    0x080036c6   0x080036c6   0x00000002   PAD
    0x080036c8   0x080036c8   0x00000044   Code   RO          234    i.MX_CAN1_Init      can.o
    0x0800370c   0x0800370c   0x00000044   Code   RO          235    i.MX_CAN2_Init      can.o
    0x08003750   0x08003750   0x0000004c   Code   RO          281    i.MX_DMA_Init       dma.o
    0x0800379c   0x0800379c   0x0000005c   Code   RO          195    i.MX_GPIO_Init      gpio.o
    0x080037f8   0x080037f8   0x00000038   Code   RO          310    i.MX_USART1_UART_Init  usart.o
    0x08003830   0x08003830   0x00000038   Code   RO          311    i.MX_USART3_UART_Init  usart.o
    0x08003868   0x08003868   0x00000002   Code   RO          376    i.MemManage_Handler  stm32f4xx_it.o
    0x0800386a   0x0800386a   0x00000002   Code   RO          377    i.NMI_Handler       stm32f4xx_it.o
    0x0800386c   0x0800386c   0x00000128   Code   RO          660    i.PID_calc          pid.o
    0x08003994   0x08003994   0x0000005c   Code   RO          662    i.PID_init          pid.o
    0x080039f0   0x080039f0   0x00000002   Code   RO          378    i.PendSV_Handler    stm32f4xx_it.o
    0x080039f2   0x080039f2   0x00000002   Code   RO          379    i.SVC_Handler       stm32f4xx_it.o
    0x080039f4   0x080039f4   0x00000004   Code   RO          380    i.SysTick_Handler   stm32f4xx_it.o
    0x080039f8   0x080039f8   0x00000094   Code   RO           14    i.SystemClock_Config  main.o
    0x08003a8c   0x08003a8c   0x00000010   Code   RO         2447    i.SystemInit        system_stm32f4xx.o
    0x08003a9c   0x08003a9c   0x0000000e   Code   RO         2126    i.UART_DMAAbortOnError  stm32f4xx_hal_uart.o
    0x08003aaa   0x08003aaa   0x0000004e   Code   RO         2136    i.UART_EndRxTransfer  stm32f4xx_hal_uart.o
    0x08003af8   0x08003af8   0x000000c2   Code   RO         2138    i.UART_Receive_IT   stm32f4xx_hal_uart.o
    0x08003bba   0x08003bba   0x00000002   PAD
    0x08003bbc   0x08003bbc   0x0000010c   Code   RO         2139    i.UART_SetConfig    stm32f4xx_hal_uart.o
    0x08003cc8   0x08003cc8   0x00000072   Code   RO         2142    i.UART_WaitOnFlagUntilTimeout  stm32f4xx_hal_uart.o
    0x08003d3a   0x08003d3a   0x00000002   PAD
    0x08003d3c   0x08003d3c   0x0000000c   Code   RO          381    i.USART1_IRQHandler  stm32f4xx_it.o
    0x08003d48   0x08003d48   0x00000002   Code   RO          382    i.UsageFault_Handler  stm32f4xx_it.o
    0x08003d4a   0x08003d4a   0x00000030   Code   RO         2690    i.__ARM_fpclassify  m_wm.l(fpclassify.o)
    0x08003d7a   0x08003d7a   0x00000020   Code   RO         1693    i.__NVIC_SetPriority  stm32f4xx_hal_cortex.o
    0x08003d9a   0x08003d9a   0x0000000e   Code   RO         2560    i._is_digit         c_w.l(__printf_wp.o)
    0x08003da8   0x08003da8   0x00000058   Code   RO          499    i.can_filter_init   bsp_can.o
    0x08003e00   0x08003e00   0x00000008   Code   RO          594    i.get_yaw_gimbal_motor_measure_point  can_receive.o
    0x08003e08   0x08003e08   0x000000b0   Code   RO           15    i.main              main.o
    0x08003eb8   0x08003eb8   0x00000024   Code   RO           16    i.speed_motor_init  main.o
    0x08003edc   0x08003edc   0x00000030   Code   RO          312    i.usart_printf      usart.o
    0x08003f0c   0x08003f0c   0x0000002c   Code   RO         2673    locale$$code        c_w.l(lc_numeric_c.o)
    0x08003f38   0x08003f38   0x0000002c   Code   RO         2700    locale$$code        c_w.l(lc_ctype_c.o)
    0x08003f64   0x08003f64   0x0000000a   Code   RO         2768    x$fpl$fpinit        fz_wm.l(fpinit.o)
    0x08003f6e   0x08003f6e   0x00000004   Code   RO         2593    x$fpl$printf1       fz_wm.l(printf1.o)
    0x08003f72   0x08003f72   0x00000004   Code   RO         2595    x$fpl$printf2       fz_wm.l(printf2.o)
    0x08003f76   0x08003f76   0x00000000   Code   RO         2689    x$fpl$usenofp       fz_wm.l(usenofp.o)
    0x08003f76   0x08003f76   0x00000002   PAD
    0x08003f78   0x08003f78   0x0000000c   Data   RO           19    .constdata          main.o
    0x08003f84   0x08003f84   0x00000008   Data   RO         1407    .constdata          stm32f4xx_hal_dma.o
    0x08003f8c   0x08003f8c   0x00000010   Data   RO         2448    .constdata          system_stm32f4xx.o
    0x08003f9c   0x08003f9c   0x00000008   Data   RO         2449    .constdata          system_stm32f4xx.o
    0x08003fa4   0x08003fa4   0x00000008   Data   RO         2519    .constdata          c_w.l(_printf_wctomb.o)
    0x08003fac   0x08003fac   0x00000028   Data   RO         2548    .constdata          c_w.l(_printf_hex_int_ll_ptr.o)
    0x08003fd4   0x08003fd4   0x00000011   Data   RO         2568    .constdata          c_w.l(__printf_flags_ss_wp.o)
    0x08003fe5   0x08003fe5   0x00000026   Data   RO         2625    .constdata          c_w.l(_printf_fp_hex.o)
    0x0800400b   0x0800400b   0x00000001   PAD
    0x0800400c   0x0800400c   0x00000094   Data   RO         2648    .constdata          c_w.l(bigflt0.o)
    0x080040a0   0x080040a0   0x00000020   Data   RO         2824    Region$$Table       anon$$obj.o
    0x080040c0   0x080040c0   0x0000001c   Data   RO         2672    locale$$data        c_w.l(lc_numeric_c.o)
    0x080040dc   0x080040dc   0x00000110   Data   RO         2699    locale$$data        c_w.l(lc_ctype_c.o)


    Execution Region RW_IRAM1 (Exec base: 0x20000000, Load base: 0x080041ec, Size: 0x000008f0, Max: 0x0001c000, ABSOLUTE)

    Exec Addr    Load Addr    Size         Type   Attr      Idx    E Section Name        Object

    0x20000000   0x080041ec   0x00000008   Data   RW           20    .data               main.o
    0x20000008   0x080041f4   0x00000004   Data   RW          237    .data               can.o
    0x2000000c   0x080041f8   0x00000011   Data   RW          596    .data               can_receive.o
    0x2000001d   0x08004209   0x00000003   PAD
    0x20000020   0x0800420c   0x0000000c   Data   RW         1852    .data               stm32f4xx_hal.o
    0x2000002c   0x08004218   0x00000004   Data   RW         2450    .data               system_stm32f4xx.o
    0x20000030        -       0x00000048   Zero   RW           18    .bss                main.o
    0x20000078        -       0x00000050   Zero   RW          236    .bss                can.o
    0x200000c8        -       0x00000150   Zero   RW          313    .bss                usart.o
    0x20000218        -       0x00000078   Zero   RW          595    .bss                can_receive.o
    0x20000290        -       0x00000060   Zero   RW         2693    .bss                c_w.l(libspace.o)
    0x200002f0        -       0x00000200   Zero   RW            2    HEAP                startup_stm32f407xx.o
    0x200004f0        -       0x00000400   Zero   RW            1    STACK               startup_stm32f407xx.o


    Execution Region RW_IRAM2 (Exec base: 0x2001c000, Load base: 0x0800421c, Size: 0x00000000, Max: 0x00004000, ABSOLUTE)

    **** No section assigned to this execution region ****


==============================================================================

Image component sizes


      Code (inc. data)   RO Data    RW Data    ZI Data      Debug   Object Name

        88          8          0          0          0     571350   bsp_can.o
       388         42          0          4         80       2502   can.o
       172         26          0         17        120       3576   can_receive.o
        76          4          0          0          0        830   dma.o
        92          6          0          0          0        919   gpio.o
       364         56         12          8         72     673169   main.o
       388          8          0          0          0       2374   pid.o
        64         26        392          0       1536        848   startup_stm32f407xx.o
       180         28          0         12          0       9453   stm32f4xx_hal.o
      1638          6          0          0          0      14415   stm32f4xx_hal_can.o
       198         14          0          0          0      33847   stm32f4xx_hal_cortex.o
       934         16          8          0          0       5651   stm32f4xx_hal_dma.o
       496         46          0          0          0       1540   stm32f4xx_hal_gpio.o
        48          6          0          0          0        870   stm32f4xx_hal_msp.o
      1348         76          0          0          0       5284   stm32f4xx_hal_rcc.o
      1576         14          0          0          0      10604   stm32f4xx_hal_uart.o
        80         30          0          0          0       6614   stm32f4xx_it.o
        16          4         24          4          0       1139   system_stm32f4xx.o
       508         56          0          0        336       3972   usart.o

    ----------------------------------------------------------------------
      8668        472        468         48       2144    1348957   Object Totals
         0          0         32          0          0          0   (incl. Generated)
        14          0          0          3          0          0   (incl. Padding)

    ----------------------------------------------------------------------

      Code (inc. data)   RO Data    RW Data    ZI Data      Debug   Library Member Name

         8          0          0          0          0         68   __main.o
       392          4         17          0          0         92   __printf_flags_ss_wp.o
        14          0          0          0          0         68   __printf_wp.o
         0          0          0          0          0          0   __rtentry.o
        12          0          0          0          0          0   __rtentry2.o
         6          0          0          0          0          0   __rtentry4.o
        52          8          0          0          0          0   __scatter.o
        26          0          0          0          0          0   __scatter_copy.o
        28          0          0          0          0          0   __scatter_zi.o
         6          0          0          0          0          0   _printf_a.o
         6          0          0          0          0          0   _printf_c.o
        44          0          0          0          0        108   _printf_char.o
        48          6          0          0          0         96   _printf_char_common.o
        40          0          0          0          0         68   _printf_charcount.o
         6          0          0          0          0          0   _printf_d.o
       120         16          0          0          0         92   _printf_dec.o
         6          0          0          0          0          0   _printf_e.o
         6          0          0          0          0          0   _printf_f.o
      1054          0          0          0          0        216   _printf_fp_dec.o
       764          8         38          0          0        100   _printf_fp_hex.o
       128         16          0          0          0         84   _printf_fp_infnan.o
         6          0          0          0          0          0   _printf_g.o
       148          4         40          0          0        160   _printf_hex_int_ll_ptr.o
         6          0          0          0          0          0   _printf_i.o
       178          0          0          0          0         88   _printf_intcommon.o
        10          0          0          0          0          0   _printf_l.o
         6          0          0          0          0          0   _printf_lc.o
        10          0          0          0          0          0   _printf_ll.o
         6          0          0          0          0          0   _printf_lld.o
         6          0          0          0          0          0   _printf_lli.o
         6          0          0          0          0          0   _printf_llo.o
         6          0          0          0          0          0   _printf_llu.o
         6          0          0          0          0          0   _printf_llx.o
       124         16          0          0          0         92   _printf_longlong_dec.o
         6          0          0          0          0          0   _printf_ls.o
         6          0          0          0          0          0   _printf_n.o
         6          0          0          0          0          0   _printf_o.o
       112         10          0          0          0        124   _printf_oct_int_ll.o
         6          0          0          0          0          0   _printf_p.o
        78          0          0          0          0        108   _printf_pad.o
         0          0          0          0          0          0   _printf_percent.o
         4          0          0          0          0          0   _printf_percent_end.o
         6          0          0          0          0          0   _printf_s.o
        82          0          0          0          0         80   _printf_str.o
        36          0          0          0          0         84   _printf_truncate.o
         6          0          0          0          0          0   _printf_u.o
        44          0          0          0          0        108   _printf_wchar.o
       188          6          8          0          0         92   _printf_wctomb.o
         6          0          0          0          0          0   _printf_x.o
        16          0          0          0          0         68   _snputc.o
        10          0          0          0          0         68   _sputc.o
        64          0          0          0          0         92   _wcrtomb.o
       228          4        148          0          0         96   bigflt0.o
      1936        128          0          0          0        672   btod.o
        18          0          0          0          0         80   exit.o
         6          0          0          0          0        152   heapauxi.o
         0          0          0          0          0          0   indicate_semi.o
        44         10        272          0          0         76   lc_ctype_c.o
        44         10         28          0          0         76   lc_numeric_c.o
         2          0          0          0          0          0   libinit.o
        34          0          0          0          0          0   libinit2.o
         2          0          0          0          0          0   libshutdown.o
         2          0          0          0          0          0   libshutdown2.o
         8          4          0          0         96         68   libspace.o
       138          0          0          0          0         80   lludiv10.o
       238          0          0          0          0        100   lludivv7m.o
        16          4          0          0          0         76   rt_ctype_table.o
         8          4          0          0          0         68   rt_locale_intlibspace.o
        78          0          0          0          0         80   rt_memclr_w.o
         2          0          0          0          0          0   rtexit.o
        10          0          0          0          0          0   rtexit2.o
       128          0          0          0          0         68   strcmpv7m.o
        62          0          0          0          0         76   strlen.o
        12          4          0          0          0         68   sys_exit.o
        74          0          0          0          0         80   sys_stackheap_outer.o
         2          0          0          0          0         68   use_no_semi.o
        52          4          0          0          0         80   vsnprintf.o
        10          0          0          0          0        116   fpinit.o
         4          0          0          0          0        116   printf1.o
         4          0          0          0          0        116   printf2.o
         0          0          0          0          0          0   usenofp.o
        48          0          0          0          0        124   fpclassify.o

    ----------------------------------------------------------------------
      7188        266        552          0         96       4692   Library Totals
        18          0          1          0          0          0   (incl. Padding)

    ----------------------------------------------------------------------

      Code (inc. data)   RO Data    RW Data    ZI Data      Debug   Library Name

      7104        266        551          0         96       4220   c_w.l
        18          0          0          0          0        348   fz_wm.l
        48          0          0          0          0        124   m_wm.l

    ----------------------------------------------------------------------
      7188        266        552          0         96       4692   Library Totals

    ----------------------------------------------------------------------

==============================================================================


      Code (inc. data)   RO Data    RW Data    ZI Data      Debug   

     15856        738       1020         48       2240    1343261   Grand Totals
     15856        738       1020         48       2240    1343261   ELF Image Totals
     15856        738       1020         48          0          0   ROM Totals

==============================================================================

    Total RO  Size (Code + RO Data)                16876 (  16.48kB)
    Total RW  Size (RW Data + ZI Data)              2288 (   2.23kB)
    Total ROM Size (Code + RO Data + RW Data)      16924 (  16.53kB)

==============================================================================

